2026-08-18T11:36:47.726Z\nerror: invalid input syntax for type uuid: "u1"
    at D:\Digicloudify softwares\CRM-Interior-Construction\node_modules\pg\lib\client.js:646:17
    at process.processTicksAndRejections (node:internal/process/task_queues:103:5)
    at async ProjectRepository.createProject (D:\Digicloudify softwares\CRM-Interior-Construction\server\src\repositories\projectRepository.js:148:22)
    at async createProject (D:\Digicloudify softwares\CRM-Interior-Construction\server\src\services\projects\createProject.js:34:21)
    at async convertToProject (D:\Digicloudify softwares\CRM-Interior-Construction\server\src\services\leads\convertToProject.js:116:19)
    at async exports.convertToProjectHandler (D:\Digicloudify softwares\CRM-Interior-Construction\server\src\controllers\leadController.js:49:26)\n\n2026-08-18T12:24:30.988Z\nerror: syntax error at or near "//"
    at D:\Digicloudify softwares\CRM-Interior-Construction\node_modules\pg-pool\index.js:45:11
    at process.processTicksAndRejections (node:internal/process/task_queues:103:5)
    at async Promise.all (index 1)
    at async D:\Digicloudify softwares\CRM-Interior-Construction\server\src\routes\financialApprovals.js:281:37\n\n2026-08-18T12:24:31.757Z\nerror: syntax error at or near "//"
    at D:\Digicloudify softwares\CRM-Interior-Construction\node_modules\pg-pool\index.js:45:11
    at process.processTicksAndRejections (node:internal/process/task_queues:103:5)
    at async Promise.all (index 1)
    at async D:\Digicloudify softwares\CRM-Interior-Construction\server\src\routes\financialApprovals.js:281:37\n\n2026-08-18T12:24:56.106Z\nerror: syntax error at or near "//"
    at D:\Digicloudify softwares\CRM-Interior-Construction\node_modules\pg-pool\index.js:45:11
    at process.processTicksAndRejections (node:internal/process/task_queues:103:5)
    at async Promise.all (index 1)
    at async D:\Digicloudify softwares\CRM-Interior-Construction\server\src\routes\financialApprovals.js:281:37\n\n2026-08-18T12:24:58.602Z\nerror: syntax error at or near "//"
    at D:\Digicloudify softwares\CRM-Interior-Construction\node_modules\pg-pool\index.js:45:11
    at process.processTicksAndRejections (node:internal/process/task_queues:103:5)
    at async Promise.all (index 1)
    at async D:\Digicloudify softwares\CRM-Interior-Construction\server\src\routes\financialApprovals.js:281:37\n\n2026-08-18T12:37:14.407Z\nTypeError: Cannot read properties of undefined (reading 'tenant_id')
    at getTemplates (D:\Digicloudify softwares\CRM-Interior-Construction\server\src\controllers\qcController.js:5:61)
    at Layer.handleRequest (D:\Digicloudify softwares\CRM-Interior-Construction\node_modules\router\lib\layer.js:152:17)
    at next (D:\Digicloudify softwares\CRM-Interior-Construction\node_modules\router\lib\route.js:157:13)
    at Route.dispatch (D:\Digicloudify softwares\CRM-Interior-Construction\node_modules\router\lib\route.js:117:3)
    at handle (D:\Digicloudify softwares\CRM-Interior-Construction\node_modules\router\index.js:435:11)
    at Layer.handleRequest (D:\Digicloudify softwares\CRM-Interior-Construction\node_modules\router\lib\layer.js:152:17)
    at D:\Digicloudify softwares\CRM-Interior-Construction\node_modules\router\index.js:295:15
    at processParams (D:\Digicloudify softwares\CRM-Interior-Construction\node_modules\router\index.js:582:12)
    at next (D:\Digicloudify softwares\CRM-Interior-Construction\node_modules\router\index.js:291:5)
    at auditMiddleware (D:\Digicloudify softwares\CRM-Interior-Construction\server\src\middleware\auditLogger.js:83:3)\n\n2026-08-18T12:37:14.417Z\nTypeError: Cannot read properties of undefined (reading 'tenant_id')
    at getTemplates (D:\Digicloudify softwares\CRM-Interior-Construction\server\src\controllers\qcController.js:5:61)
    at Layer.handleRequest (D:\Digicloudify softwares\CRM-Interior-Construction\node_modules\router\lib\layer.js:152:17)
    at next (D:\Digicloudify softwares\CRM-Interior-Construction\node_modules\router\lib\route.js:157:13)
    at Route.dispatch (D:\Digicloudify softwares\CRM-Interior-Construction\node_modules\router\lib\route.js:117:3)
    at handle (D:\Digicloudify softwares\CRM-Interior-Construction\node_modules\router\index.js:435:11)
    at Layer.handleRequest (D:\Digicloudify softwares\CRM-Interior-Construction\node_modules\router\lib\layer.js:152:17)
    at D:\Digicloudify softwares\CRM-Interior-Construction\node_modules\router\index.js:295:15
    at processParams (D:\Digicloudify softwares\CRM-Interior-Construction\node_modules\router\index.js:582:12)
    at next (D:\Digicloudify softwares\CRM-Interior-Construction\node_modules\router\index.js:291:5)
    at auditMiddleware (D:\Digicloudify softwares\CRM-Interior-Construction\server\src\middleware\auditLogger.js:83:3)\n\n2026-08-18T12:44:00.946Z\nTypeError: getOrCreateClosureChecklist is not a function
    at D:\Digicloudify softwares\CRM-Interior-Construction\server\src\routes\projectClosures.js:29:26
    at Layer.handleRequest (D:\Digicloudify softwares\CRM-Interior-Construction\node_modules\router\lib\layer.js:152:17)
    at next (D:\Digicloudify softwares\CRM-Interior-Construction\node_modules\router\lib\route.js:157:13)
    at D:\Digicloudify softwares\CRM-Interior-Construction\server\src\middleware\authorize.js:15:14
    at Layer.handleRequest (D:\Digicloudify softwares\CRM-Interior-Construction\node_modules\router\lib\layer.js:152:17)
    at next (D:\Digicloudify softwares\CRM-Interior-Construction\node_modules\router\lib\route.js:157:13)
    at Route.dispatch (D:\Digicloudify softwares\CRM-Interior-Construction\node_modules\router\lib\route.js:117:3)
    at handle (D:\Digicloudify softwares\CRM-Interior-Construction\node_modules\router\index.js:435:11)
    at Layer.handleRequest (D:\Digicloudify softwares\CRM-Interior-Construction\node_modules\router\lib\layer.js:152:17)
    at D:\Digicloudify softwares\CRM-Interior-Construction\node_modules\router\index.js:295:15\n\n2026-08-18T12:44:01.457Z\nTypeError: getOrCreateClosureChecklist is not a function
    at D:\Digicloudify softwares\CRM-Interior-Construction\server\src\routes\projectClosures.js:29:26
    at Layer.handleRequest (D:\Digicloudify softwares\CRM-Interior-Construction\node_modules\router\lib\layer.js:152:17)
    at next (D:\Digicloudify softwares\CRM-Interior-Construction\node_modules\router\lib\route.js:157:13)
    at D:\Digicloudify softwares\CRM-Interior-Construction\server\src\middleware\authorize.js:15:14
    at Layer.handleRequest (D:\Digicloudify softwares\CRM-Interior-Construction\node_modules\router\lib\layer.js:152:17)
    at next (D:\Digicloudify softwares\CRM-Interior-Construction\node_modules\router\lib\route.js:157:13)
    at Route.dispatch (D:\Digicloudify softwares\CRM-Interior-Construction\node_modules\router\lib\route.js:117:3)
    at handle (D:\Digicloudify softwares\CRM-Interior-Construction\node_modules\router\index.js:435:11)
    at Layer.handleRequest (D:\Digicloudify softwares\CRM-Interior-Construction\node_modules\router\lib\layer.js:152:17)
    at D:\Digicloudify softwares\CRM-Interior-Construction\node_modules\router\index.js:295:15\n\n2026-08-18T12:44:09.916Z\nTypeError: getOrCreateClosureChecklist is not a function
    at D:\Digicloudify softwares\CRM-Interior-Construction\server\src\routes\projectClosures.js:29:26
    at Layer.handleRequest (D:\Digicloudify softwares\CRM-Interior-Construction\node_modules\router\lib\layer.js:152:17)
    at next (D:\Digicloudify softwares\CRM-Interior-Construction\node_modules\router\lib\route.js:157:13)
    at D:\Digicloudify softwares\CRM-Interior-Construction\server\src\middleware\authorize.js:15:14
    at Layer.handleRequest (D:\Digicloudify softwares\CRM-Interior-Construction\node_modules\router\lib\layer.js:152:17)
    at next (D:\Digicloudify softwares\CRM-Interior-Construction\node_modules\router\lib\route.js:157:13)
    at Route.dispatch (D:\Digicloudify softwares\CRM-Interior-Construction\node_modules\router\lib\route.js:117:3)
    at handle (D:\Digicloudify softwares\CRM-Interior-Construction\node_modules\router\index.js:435:11)
    at Layer.handleRequest (D:\Digicloudify softwares\CRM-Interior-Construction\node_modules\router\lib\layer.js:152:17)
    at D:\Digicloudify softwares\CRM-Interior-Construction\node_modules\router\index.js:295:15\n\n2026-08-18T12:44:10.405Z\nTypeError: getOrCreateClosureChecklist is not a function
    at D:\Digicloudify softwares\CRM-Interior-Construction\server\src\routes\projectClosures.js:29:26
    at Layer.handleRequest (D:\Digicloudify softwares\CRM-Interior-Construction\node_modules\router\lib\layer.js:152:17)
    at next (D:\Digicloudify softwares\CRM-Interior-Construction\node_modules\router\lib\route.js:157:13)
    at D:\Digicloudify softwares\CRM-Interior-Construction\server\src\middleware\authorize.js:15:14
    at Layer.handleRequest (D:\Digicloudify softwares\CRM-Interior-Construction\node_modules\router\lib\layer.js:152:17)
    at next (D:\Digicloudify softwares\CRM-Interior-Construction\node_modules\router\lib\route.js:157:13)
    at Route.dispatch (D:\Digicloudify softwares\CRM-Interior-Construction\node_modules\router\lib\route.js:117:3)
    at handle (D:\Digicloudify softwares\CRM-Interior-Construction\node_modules\router\index.js:435:11)
    at Layer.handleRequest (D:\Digicloudify softwares\CRM-Interior-Construction\node_modules\router\lib\layer.js:152:17)
    at D:\Digicloudify softwares\CRM-Interior-Construction\node_modules\router\index.js:295:15\n\n2026-08-18T13:13:39.415Z\nError: Approval not found
    at getProjectBudgetValidation (D:\Digicloudify softwares\CRM-Interior-Construction\server\src\utils\budgetValidator.js:7:35)
    at process.processTicksAndRejections (node:internal/process/task_queues:103:5)
    at async D:\Digicloudify softwares\CRM-Interior-Construction\server\src\routes\financialApprovals.js:303:24\n\n2026-08-18T16:50:03.002Z\nError: Approval not found
    at getProjectBudgetValidation (D:\Digicloudify softwares\CRM-Interior-Construction\server\src\utils\budgetValidator.js:7:35)
    at process.processTicksAndRejections (node:internal/process/task_queues:103:5)
    at async D:\Digicloudify softwares\CRM-Interior-Construction\server\src\routes\financialApprovals.js:303:24\n\n2026-08-18T17:06:12.418Z\nerror: column "key_prefix" does not exist
    at D:\Digicloudify softwares\CRM-Interior-Construction\node_modules\pg-pool\index.js:45:11
    at process.processTicksAndRejections (node:internal/process/task_queues:103:5)
    at async D:\Digicloudify softwares\CRM-Interior-Construction\server\src\routes\config\apiKeys.js:26:20\n\n2026-08-19T05:14:43.464Z\nError: INVALID_CREDENTIALS
    at loginUser (D:\Digicloudify softwares\CRM-Interior-Construction\server\src\services\auth\login.js:161:13)
    at process.processTicksAndRejections (node:internal/process/task_queues:103:5)
    at async D:\Digicloudify softwares\CRM-Interior-Construction\server\src\routes\auth.js:95:25\n\n2026-08-19T07:48:12.924Z\nAggregateError: 
    at D:\Digicloudify softwares\CRM-Interior-Construction\node_modules\pg-pool\index.js:45:11
    at processTicksAndRejections (node:internal/process/task_queues:103:5)
    at D:\Digicloudify softwares\CRM-Interior-Construction\server\src\routes\auth.js:80:26\n\n2026-08-19T09:25:54.252Z\nerror: column "updated_at" of relation "activities" does not exist
    at D:\Digicloudify softwares\CRM-Interior-Construction\node_modules\pg-pool\index.js:45:11
    at process.processTicksAndRejections (node:internal/process/task_queues:103:5)
    at async exports.updateActivity (D:\Digicloudify softwares\CRM-Interior-Construction\server\src\services\activities\activityService.js:46:20)
    at async exports.updateActivityHandler (D:\Digicloudify softwares\CRM-Interior-Construction\server\src\controllers\leadController.js:215:21)\n\n2026-08-19T09:51:45.660Z\nerror: column "updated_at" of relation "activities" does not exist
    at D:\Digicloudify softwares\CRM-Interior-Construction\node_modules\pg-pool\index.js:45:11
    at process.processTicksAndRejections (node:internal/process/task_queues:103:5)
    at async exports.updateActivity (D:\Digicloudify softwares\CRM-Interior-Construction\server\src\services\activities\activityService.js:46:20)
    at async exports.updateActivityHandler (D:\Digicloudify softwares\CRM-Interior-Construction\server\src\controllers\leadController.js:215:21)\n\n2026-08-19T09:52:03.903Z\nerror: column "updated_at" of relation "activities" does not exist
    at D:\Digicloudify softwares\CRM-Interior-Construction\node_modules\pg-pool\index.js:45:11
    at process.processTicksAndRejections (node:internal/process/task_queues:103:5)
    at async exports.updateActivity (D:\Digicloudify softwares\CRM-Interior-Construction\server\src\services\activities\activityService.js:46:20)
    at async exports.updateActivityHandler (D:\Digicloudify softwares\CRM-Interior-Construction\server\src\controllers\leadController.js:215:21)\n\n2026-08-19T10:52:46.530Z\nerror: column "property_name" of relation "leads" does not exist
    at D:\Digicloudify softwares\CRM-Interior-Construction\node_modules\pg\lib\client.js:646:17
    at process.processTicksAndRejections (node:internal/process/task_queues:103:5)
    at async Object.updateLead (D:\Digicloudify softwares\CRM-Interior-Construction\server\src\repositories\leadRepository.js:362:9)
    at async updateLead (D:\Digicloudify softwares\CRM-Interior-Construction\server\src\services\leads\updateLead.js:16:23)
    at async exports.updateLeadHandler (D:\Digicloudify softwares\CRM-Interior-Construction\server\src\controllers\leadController.js:2628:25)\n\n2026-08-19T10:52:57.214Z\nerror: column "property_name" of relation "leads" does not exist
    at D:\Digicloudify softwares\CRM-Interior-Construction\node_modules\pg\lib\client.js:646:17
    at process.processTicksAndRejections (node:internal/process/task_queues:103:5)
    at async Object.updateLead (D:\Digicloudify softwares\CRM-Interior-Construction\server\src\repositories\leadRepository.js:362:9)
    at async updateLead (D:\Digicloudify softwares\CRM-Interior-Construction\server\src\services\leads\updateLead.js:16:23)
    at async exports.updateLeadHandler (D:\Digicloudify softwares\CRM-Interior-Construction\server\src\controllers\leadController.js:2628:25)\n\n2026-08-19T16:43:44.276Z\nerror: column "lost_reason" of relation "leads" does not exist
    at D:\Digicloudify softwares\CRM-Interior-Construction\node_modules\pg\lib\client.js:646:17
    at process.processTicksAndRejections (node:internal/process/task_queues:103:5)
    at async Object.updateLead (D:\Digicloudify softwares\CRM-Interior-Construction\server\src\repositories\leadRepository.js:371:9)
    at async updateLead (D:\Digicloudify softwares\CRM-Interior-Construction\server\src\services\leads\updateLead.js:16:23)
    at async exports.updateLeadHandler (D:\Digicloudify softwares\CRM-Interior-Construction\server\src\controllers\leadController.js:2664:25)\n\n2026-08-19T17:23:28.063Z\nError: System error or unhandled exception
    at getFilesHandler (D:\Digicloudify softwares\CRM-Interior-Construction\server\src\controllers\leadController.js:672:17)
    at process.processTicksAndRejections (node:internal/process/task_queues:103:5)\n\n2026-08-20T07:51:08.494Z\nSyntaxError: Unexpected token '"', ""dssdssdsdssds"" is not valid JSON
    at JSON.parse (<anonymous>)
    at createStrictSyntaxError (D:\Digicloudify softwares\CRM-Interior-Construction\node_modules\body-parser\lib\types\json.js:109:10)
    at parse (D:\Digicloudify softwares\CRM-Interior-Construction\node_modules\body-parser\lib\types\json.js:66:15)
    at D:\Digicloudify softwares\CRM-Interior-Construction\node_modules\body-parser\lib\read.js:162:18
    at AsyncResource.runInAsyncScope (node:async_hooks:214:14)
    at invokeCallback (D:\Digicloudify softwares\CRM-Interior-Construction\node_modules\raw-body\index.js:238:16)
    at done (D:\Digicloudify softwares\CRM-Interior-Construction\node_modules\raw-body\index.js:227:7)
    at IncomingMessage.onEnd (D:\Digicloudify softwares\CRM-Interior-Construction\node_modules\raw-body\index.js:287:7)
    at IncomingMessage.emit (node:events:508:28)
    at endReadableNT (node:internal/streams/readable:1701:12)\n\n2026-08-20T07:52:06.463Z\nSyntaxError: Unexpected token '"', ""dsdssdsdsd"" is not valid JSON
    at JSON.parse (<anonymous>)
    at createStrictSyntaxError (D:\Digicloudify softwares\CRM-Interior-Construction\node_modules\body-parser\lib\types\json.js:109:10)
    at parse (D:\Digicloudify softwares\CRM-Interior-Construction\node_modules\body-parser\lib\types\json.js:66:15)
    at D:\Digicloudify softwares\CRM-Interior-Construction\node_modules\body-parser\lib\read.js:162:18
    at AsyncResource.runInAsyncScope (node:async_hooks:214:14)
    at invokeCallback (D:\Digicloudify softwares\CRM-Interior-Construction\node_modules\raw-body\index.js:238:16)
    at done (D:\Digicloudify softwares\CRM-Interior-Construction\node_modules\raw-body\index.js:227:7)
    at IncomingMessage.onEnd (D:\Digicloudify softwares\CRM-Interior-Construction\node_modules\raw-body\index.js:287:7)
    at IncomingMessage.emit (node:events:508:28)
    at endReadableNT (node:internal/streams/readable:1701:12)\n\n2026-08-20T17:18:20.414Z\nError: System error or unhandled exception
    at parseFileHandler (D:\Digicloudify softwares\CRM-Interior-Construction\server\src\controllers\leadController.js:749:17)
    at process.processTicksAndRejections (node:internal/process/task_queues:103:5)\n\n2026-08-20T17:18:38.727Z\nError: System error or unhandled exception
    at parseFileHandler (D:\Digicloudify softwares\CRM-Interior-Construction\server\src\controllers\leadController.js:749:17)
    at process.processTicksAndRejections (node:internal/process/task_queues:103:5)\n\n2026-08-20T17:19:27.471Z\nError: System error or unhandled exception
    at parseFileHandler (D:\Digicloudify softwares\CRM-Interior-Construction\server\src\controllers\leadController.js:749:17)
    at process.processTicksAndRejections (node:internal/process/task_queues:103:5)\n\n2026-08-21T04:38:25.653Z\nError: System error or unhandled exception
    at parseFileHandler (D:\Digicloudify softwares\CRM-Interior-Construction\server\src\controllers\leadController.js:754:17)
    at process.processTicksAndRejections (node:internal/process/task_queues:103:5)\n\n2026-08-21T04:38:35.781Z\nError: System error or unhandled exception
    at parseFileHandler (D:\Digicloudify softwares\CRM-Interior-Construction\server\src\controllers\leadController.js:754:17)
    at process.processTicksAndRejections (node:internal/process/task_queues:103:5)\n\n2026-08-21T04:38:40.371Z\nError: System error or unhandled exception
    at parseFileHandler (D:\Digicloudify softwares\CRM-Interior-Construction\server\src\controllers\leadController.js:754:17)
    at process.processTicksAndRejections (node:internal/process/task_queues:103:5)\n\n2026-08-21T04:43:51.463Z\nerror: value too long for type character varying(100)
    at D:\Digicloudify softwares\CRM-Interior-Construction\node_modules\pg\lib\client.js:646:17
    at process.processTicksAndRejections (node:internal/process/task_queues:103:5)
    at async Object.updateLead (D:\Digicloudify softwares\CRM-Interior-Construction\server\src\repositories\leadRepository.js:408:9)
    at async updateLead (D:\Digicloudify softwares\CRM-Interior-Construction\server\src\services\leads\updateLead.js:16:23)
    at async exports.updateLeadHandler (D:\Digicloudify softwares\CRM-Interior-Construction\server\src\controllers\leadController.js:2715:25)\n\n2026-08-22T13:12:28.158Z\nerror: value too long for type character varying(100)
    at D:\Digicloudify softwares\CRM-Interior-Construction\node_modules\pg\lib\client.js:646:17
    at process.processTicksAndRejections (node:internal/process/task_queues:103:5)
    at async Object.updateLead (D:\Digicloudify softwares\CRM-Interior-Construction\server\src\repositories\leadRepository.js:424:9)
    at async updateLead (D:\Digicloudify softwares\CRM-Interior-Construction\server\src\services\leads\updateLead.js:16:23)
    at async exports.updateLeadHandler (D:\Digicloudify softwares\CRM-Interior-Construction\server\src\controllers\leadController.js:2767:25)\n\n2026-08-22T13:12:30.914Z\nerror: value too long for type character varying(100)
    at D:\Digicloudify softwares\CRM-Interior-Construction\node_modules\pg\lib\client.js:646:17
    at process.processTicksAndRejections (node:internal/process/task_queues:103:5)
    at async Object.updateLead (D:\Digicloudify softwares\CRM-Interior-Construction\server\src\repositories\leadRepository.js:424:9)
    at async updateLead (D:\Digicloudify softwares\CRM-Interior-Construction\server\src\services\leads\updateLead.js:16:23)
    at async exports.updateLeadHandler (D:\Digicloudify softwares\CRM-Interior-Construction\server\src\controllers\leadController.js:2767:25)\n\n2026-08-22T13:13:16.233Z\nerror: value too long for type character varying(100)
    at D:\Digicloudify softwares\CRM-Interior-Construction\node_modules\pg\lib\client.js:646:17
    at process.processTicksAndRejections (node:internal/process/task_queues:103:5)
    at async Object.updateLead (D:\Digicloudify softwares\CRM-Interior-Construction\server\src\repositories\leadRepository.js:424:9)
    at async updateLead (D:\Digicloudify softwares\CRM-Interior-Construction\server\src\services\leads\updateLead.js:16:23)
    at async exports.updateLeadHandler (D:\Digicloudify softwares\CRM-Interior-Construction\server\src\controllers\leadController.js:2767:25)\n\n2026-08-22T13:18:51.930Z\nerror: invalid input syntax for type date: ""
    at D:\Digicloudify softwares\CRM-Interior-Construction\node_modules\pg\lib\client.js:646:17
    at process.processTicksAndRejections (node:internal/process/task_queues:103:5)
    at async Object.updateLead (D:\Digicloudify softwares\CRM-Interior-Construction\server\src\repositories\leadRepository.js:449:10)
    at async updateLead (D:\Digicloudify softwares\CRM-Interior-Construction\server\src\services\leads\updateLead.js:16:23)
    at async exports.updateLeadHandler (D:\Digicloudify softwares\CRM-Interior-Construction\server\src\controllers\leadController.js:2767:25)\n\n2026-08-22T13:19:05.596Z\nerror: invalid input syntax for type date: ""
    at D:\Digicloudify softwares\CRM-Interior-Construction\node_modules\pg\lib\client.js:646:17
    at process.processTicksAndRejections (node:internal/process/task_queues:103:5)
    at async Object.updateLead (D:\Digicloudify softwares\CRM-Interior-Construction\server\src\repositories\leadRepository.js:449:10)
    at async updateLead (D:\Digicloudify softwares\CRM-Interior-Construction\server\src\services\leads\updateLead.js:16:23)
    at async exports.updateLeadHandler (D:\Digicloudify softwares\CRM-Interior-Construction\server\src\controllers\leadController.js:2767:25)\n\n2026-08-24T07:48:33.589Z\nTypeError: res.status is not a function
    at success (D:\Digicloudify softwares\CRM-Interior-Construction\server\src\utils\response.js:5:14)
    at D:\Digicloudify softwares\CRM-Interior-Construction\server\src\routes\superadmin.js:84:14
    at Layer.handleRequest (D:\Digicloudify softwares\CRM-Interior-Construction\node_modules\router\lib\layer.js:152:17)
    at next (D:\Digicloudify softwares\CRM-Interior-Construction\node_modules\router\lib\route.js:157:13)
    at Route.dispatch (D:\Digicloudify softwares\CRM-Interior-Construction\node_modules\router\lib\route.js:117:3)
    at handle (D:\Digicloudify softwares\CRM-Interior-Construction\node_modules\router\index.js:435:11)
    at Layer.handleRequest (D:\Digicloudify softwares\CRM-Interior-Construction\node_modules\router\lib\layer.js:152:17)
    at D:\Digicloudify softwares\CRM-Interior-Construction\node_modules\router\index.js:295:15
    at processParams (D:\Digicloudify softwares\CRM-Interior-Construction\node_modules\router\index.js:582:12)
    at next (D:\Digicloudify softwares\CRM-Interior-Construction\node_modules\router\index.js:291:5)\n\n2026-08-24T07:48:33.846Z\nTypeError: res.status is not a function
    at success (D:\Digicloudify softwares\CRM-Interior-Construction\server\src\utils\response.js:5:14)
    at D:\Digicloudify softwares\CRM-Interior-Construction\server\src\routes\superadmin.js:109:14
    at process.processTicksAndRejections (node:internal/process/task_queues:103:5)\n\n2026-08-24T07:48:47.501Z\nTypeError: res.status is not a function
    at success (D:\Digicloudify softwares\CRM-Interior-Construction\server\src\utils\response.js:5:14)
    at D:\Digicloudify softwares\CRM-Interior-Construction\server\src\routes\superadmin.js:84:14
    at Layer.handleRequest (D:\Digicloudify softwares\CRM-Interior-Construction\node_modules\router\lib\layer.js:152:17)
    at next (D:\Digicloudify softwares\CRM-Interior-Construction\node_modules\router\lib\route.js:157:13)
    at Route.dispatch (D:\Digicloudify softwares\CRM-Interior-Construction\node_modules\router\lib\route.js:117:3)
    at handle (D:\Digicloudify softwares\CRM-Interior-Construction\node_modules\router\index.js:435:11)
    at Layer.handleRequest (D:\Digicloudify softwares\CRM-Interior-Construction\node_modules\router\lib\layer.js:152:17)
    at D:\Digicloudify softwares\CRM-Interior-Construction\node_modules\router\index.js:295:15
    at processParams (D:\Digicloudify softwares\CRM-Interior-Construction\node_modules\router\index.js:582:12)
    at next (D:\Digicloudify softwares\CRM-Interior-Construction\node_modules\router\index.js:291:5)\n\n2026-08-24T07:48:47.797Z\nTypeError: res.status is not a function
    at success (D:\Digicloudify softwares\CRM-Interior-Construction\server\src\utils\response.js:5:14)
    at D:\Digicloudify softwares\CRM-Interior-Construction\server\src\routes\superadmin.js:109:14
    at process.processTicksAndRejections (node:internal/process/task_queues:103:5)\n\n2026-08-24T07:50:43.191Z\nTypeError: res.status is not a function
    at success (D:\Digicloudify softwares\CRM-Interior-Construction\server\src\utils\response.js:5:14)
    at D:\Digicloudify softwares\CRM-Interior-Construction\server\src\routes\superadmin.js:84:14
    at Layer.handleRequest (D:\Digicloudify softwares\CRM-Interior-Construction\node_modules\router\lib\layer.js:152:17)
    at next (D:\Digicloudify softwares\CRM-Interior-Construction\node_modules\router\lib\route.js:157:13)
    at Route.dispatch (D:\Digicloudify softwares\CRM-Interior-Construction\node_modules\router\lib\route.js:117:3)
    at handle (D:\Digicloudify softwares\CRM-Interior-Construction\node_modules\router\index.js:435:11)
    at Layer.handleRequest (D:\Digicloudify softwares\CRM-Interior-Construction\node_modules\router\lib\layer.js:152:17)
    at D:\Digicloudify softwares\CRM-Interior-Construction\node_modules\router\index.js:295:15
    at processParams (D:\Digicloudify softwares\CRM-Interior-Construction\node_modules\router\index.js:582:12)
    at next (D:\Digicloudify softwares\CRM-Interior-Construction\node_modules\router\index.js:291:5)\n\n2026-08-24T07:50:43.450Z\nTypeError: res.status is not a function
    at success (D:\Digicloudify softwares\CRM-Interior-Construction\server\src\utils\response.js:5:14)
    at D:\Digicloudify softwares\CRM-Interior-Construction\server\src\routes\superadmin.js:109:14
    at process.processTicksAndRejections (node:internal/process/task_queues:103:5)\n\n2026-08-24T07:52:21.441Z\nTypeError: res.status is not a function
    at success (D:\Digicloudify softwares\CRM-Interior-Construction\server\src\utils\response.js:5:14)
    at D:\Digicloudify softwares\CRM-Interior-Construction\server\src\routes\superadmin.js:84:14
    at Layer.handleRequest (D:\Digicloudify softwares\CRM-Interior-Construction\node_modules\router\lib\layer.js:152:17)
    at next (D:\Digicloudify softwares\CRM-Interior-Construction\node_modules\router\lib\route.js:157:13)
    at Route.dispatch (D:\Digicloudify softwares\CRM-Interior-Construction\node_modules\router\lib\route.js:117:3)
    at handle (D:\Digicloudify softwares\CRM-Interior-Construction\node_modules\router\index.js:435:11)
    at Layer.handleRequest (D:\Digicloudify softwares\CRM-Interior-Construction\node_modules\router\lib\layer.js:152:17)
    at D:\Digicloudify softwares\CRM-Interior-Construction\node_modules\router\index.js:295:15
    at processParams (D:\Digicloudify softwares\CRM-Interior-Construction\node_modules\router\index.js:582:12)
    at next (D:\Digicloudify softwares\CRM-Interior-Construction\node_modules\router\index.js:291:5)\n\n2026-08-24T07:52:21.696Z\nTypeError: res.status is not a function
    at success (D:\Digicloudify softwares\CRM-Interior-Construction\server\src\utils\response.js:5:14)
    at D:\Digicloudify softwares\CRM-Interior-Construction\server\src\routes\superadmin.js:109:14
    at process.processTicksAndRejections (node:internal/process/task_queues:103:5)\n\n2026-08-24T07:52:43.284Z\nTypeError: res.status is not a function
    at success (D:\Digicloudify softwares\CRM-Interior-Construction\server\src\utils\response.js:5:14)
    at D:\Digicloudify softwares\CRM-Interior-Construction\server\src\routes\superadmin.js:84:14
    at Layer.handleRequest (D:\Digicloudify softwares\CRM-Interior-Construction\node_modules\router\lib\layer.js:152:17)
    at next (D:\Digicloudify softwares\CRM-Interior-Construction\node_modules\router\lib\route.js:157:13)
    at Route.dispatch (D:\Digicloudify softwares\CRM-Interior-Construction\node_modules\router\lib\route.js:117:3)
    at handle (D:\Digicloudify softwares\CRM-Interior-Construction\node_modules\router\index.js:435:11)
    at Layer.handleRequest (D:\Digicloudify softwares\CRM-Interior-Construction\node_modules\router\lib\layer.js:152:17)
    at D:\Digicloudify softwares\CRM-Interior-Construction\node_modules\router\index.js:295:15
    at processParams (D:\Digicloudify softwares\CRM-Interior-Construction\node_modules\router\index.js:582:12)
    at next (D:\Digicloudify softwares\CRM-Interior-Construction\node_modules\router\index.js:291:5)\n\n2026-08-24T07:52:43.542Z\nTypeError: res.status is not a function
    at success (D:\Digicloudify softwares\CRM-Interior-Construction\server\src\utils\response.js:5:14)
    at D:\Digicloudify softwares\CRM-Interior-Construction\server\src\routes\superadmin.js:109:14
    at process.processTicksAndRejections (node:internal/process/task_queues:103:5)\n\n2026-08-24T07:53:15.906Z\nTypeError: res.status is not a function
    at success (D:\Digicloudify softwares\CRM-Interior-Construction\server\src\utils\response.js:5:14)
    at D:\Digicloudify softwares\CRM-Interior-Construction\server\src\routes\superadmin.js:84:14
    at Layer.handleRequest (D:\Digicloudify softwares\CRM-Interior-Construction\node_modules\router\lib\layer.js:152:17)
    at next (D:\Digicloudify softwares\CRM-Interior-Construction\node_modules\router\lib\route.js:157:13)
    at Route.dispatch (D:\Digicloudify softwares\CRM-Interior-Construction\node_modules\router\lib\route.js:117:3)
    at handle (D:\Digicloudify softwares\CRM-Interior-Construction\node_modules\router\index.js:435:11)
    at Layer.handleRequest (D:\Digicloudify softwares\CRM-Interior-Construction\node_modules\router\lib\layer.js:152:17)
    at D:\Digicloudify softwares\CRM-Interior-Construction\node_modules\router\index.js:295:15
    at processParams (D:\Digicloudify softwares\CRM-Interior-Construction\node_modules\router\index.js:582:12)
    at next (D:\Digicloudify softwares\CRM-Interior-Construction\node_modules\router\index.js:291:5)\n\n2026-08-24T07:53:18.293Z\nTypeError: res.status is not a function
    at success (D:\Digicloudify softwares\CRM-Interior-Construction\server\src\utils\response.js:5:14)
    at D:\Digicloudify softwares\CRM-Interior-Construction\server\src\routes\superadmin.js:109:14
    at process.processTicksAndRejections (node:internal/process/task_queues:103:5)\n\n2026-08-24T07:54:40.690Z\nerror: column "description" of relation "roles" does not exist
    at D:\Digicloudify softwares\CRM-Interior-Construction\node_modules\pg\lib\client.js:646:17
    at process.processTicksAndRejections (node:internal/process/task_queues:103:5)
    at async D:\Digicloudify softwares\CRM-Interior-Construction\server\src\routes\superadmin.js:165:24\n\n2026-08-24T07:54:50.937Z\nerror: column "description" of relation "roles" does not exist
    at D:\Digicloudify softwares\CRM-Interior-Construction\node_modules\pg\lib\client.js:646:17
    at process.processTicksAndRejections (node:internal/process/task_queues:103:5)
    at async D:\Digicloudify softwares\CRM-Interior-Construction\server\src\routes\superadmin.js:165:24\n\n2026-08-24T07:54:57.768Z\nerror: column "description" of relation "roles" does not exist
    at D:\Digicloudify softwares\CRM-Interior-Construction\node_modules\pg\lib\client.js:646:17
    at process.processTicksAndRejections (node:internal/process/task_queues:103:5)
    at async D:\Digicloudify softwares\CRM-Interior-Construction\server\src\routes\superadmin.js:165:24\n\n2026-08-24T07:57:04.353Z\nerror: column "description" of relation "roles" does not exist
    at D:\Digicloudify softwares\CRM-Interior-Construction\node_modules\pg\lib\client.js:646:17
    at process.processTicksAndRejections (node:internal/process/task_queues:103:5)
    at async D:\Digicloudify softwares\CRM-Interior-Construction\server\src\routes\superadmin.js:158:24\n\n2026-08-24T07:57:16.322Z\nerror: column "description" of relation "roles" does not exist
    at D:\Digicloudify softwares\CRM-Interior-Construction\node_modules\pg\lib\client.js:646:17
    at process.processTicksAndRejections (node:internal/process/task_queues:103:5)
    at async D:\Digicloudify softwares\CRM-Interior-Construction\server\src\routes\superadmin.js:158:24\n\n2026-08-24T07:58:27.122Z\nerror: column "description" of relation "roles" does not exist
    at D:\Digicloudify softwares\CRM-Interior-Construction\node_modules\pg\lib\client.js:646:17
    at process.processTicksAndRejections (node:internal/process/task_queues:103:5)
    at async D:\Digicloudify softwares\CRM-Interior-Construction\server\src\routes\superadmin.js:158:24\n\n2026-08-24T07:58:29.569Z\nerror: column "description" of relation "roles" does not exist
    at D:\Digicloudify softwares\CRM-Interior-Construction\node_modules\pg\lib\client.js:646:17
    at process.processTicksAndRejections (node:internal/process/task_queues:103:5)
    at async D:\Digicloudify softwares\CRM-Interior-Construction\server\src\routes\superadmin.js:158:24\n\n2026-08-24T07:59:04.728Z\nerror: column "description" of relation "roles" does not exist
    at D:\Digicloudify softwares\CRM-Interior-Construction\node_modules\pg\lib\client.js:646:17
    at process.processTicksAndRejections (node:internal/process/task_queues:103:5)
    at async D:\Digicloudify softwares\CRM-Interior-Construction\server\src\routes\superadmin.js:158:24\n\n2026-08-24T08:03:39.790Z\nError: Password must contain at least one special character.
    at validatePasswordPolicy (D:\Digicloudify softwares\CRM-Interior-Construction\server\src\services\auth\password.js:45:13)
    at process.processTicksAndRejections (node:internal/process/task_queues:103:5)
    at async registerUser (D:\Digicloudify softwares\CRM-Interior-Construction\server\src\services\auth\register.js:21:3)
    at async D:\Digicloudify softwares\CRM-Interior-Construction\server\src\routes\superadmin.js:170:21\n\n2026-08-24T08:06:45.754Z\nError: INVALID_CREDENTIALS
    at loginUser (D:\Digicloudify softwares\CRM-Interior-Construction\server\src\services\auth\login.js:84:13)
    at process.processTicksAndRejections (node:internal/process/task_queues:103:5)
    at async D:\Digicloudify softwares\CRM-Interior-Construction\server\src\routes\auth.js:95:25\n\n2026-08-24T08:06:53.665Z\nError: INVALID_CREDENTIALS
    at loginUser (D:\Digicloudify softwares\CRM-Interior-Construction\server\src\services\auth\login.js:84:13)
    at process.processTicksAndRejections (node:internal/process/task_queues:103:5)
    at async D:\Digicloudify softwares\CRM-Interior-Construction\server\src\routes\auth.js:95:25\n\n2026-08-24T08:07:06.408Z\nError: INVALID_CREDENTIALS
    at loginUser (D:\Digicloudify softwares\CRM-Interior-Construction\server\src\services\auth\login.js:84:13)
    at process.processTicksAndRejections (node:internal/process/task_queues:103:5)
    at async D:\Digicloudify softwares\CRM-Interior-Construction\server\src\routes\auth.js:95:25\n\n2026-08-24T09:24:07.699Z\nerror: column "key_prefix" does not exist
    at D:\Digicloudify softwares\CRM-Interior-Construction\node_modules\pg-pool\index.js:45:11
    at process.processTicksAndRejections (node:internal/process/task_queues:103:5)
    at async D:\Digicloudify softwares\CRM-Interior-Construction\server\src\routes\config\apiKeys.js:26:20\n\n2026-08-24T09:24:10.001Z\nerror: column "key_prefix" does not exist
    at D:\Digicloudify softwares\CRM-Interior-Construction\node_modules\pg-pool\index.js:45:11
    at process.processTicksAndRejections (node:internal/process/task_queues:103:5)
    at async D:\Digicloudify softwares\CRM-Interior-Construction\server\src\routes\config\apiKeys.js:26:20\n\n2026-08-24T09:24:26.768Z\nerror: column "key_prefix" does not exist
    at D:\Digicloudify softwares\CRM-Interior-Construction\node_modules\pg-pool\index.js:45:11
    at process.processTicksAndRejections (node:internal/process/task_queues:103:5)
    at async D:\Digicloudify softwares\CRM-Interior-Construction\server\src\routes\config\apiKeys.js:26:20\n\n2026-08-24T09:45:28.815Z\nError: INVALID_CREDENTIALS
    at loginUser (D:\Digicloudify softwares\CRM-Interior-Construction\server\src\services\auth\login.js:161:13)
    at process.processTicksAndRejections (node:internal/process/task_queues:103:5)
    at async D:\Digicloudify softwares\CRM-Interior-Construction\server\src\routes\auth.js:95:25\n\n2026-08-24T10:00:23.069Z\nError: getaddrinfo ENOTFOUND ep-noisy-smoke-aw8j01pj-pooler.c-12.us-east-1.aws.neon.tech
    at D:\Digicloudify softwares\CRM-Interior-Construction\node_modules\pg-pool\index.js:45:11
    at process.processTicksAndRejections (node:internal/process/task_queues:103:5)
    at async D:\Digicloudify softwares\CRM-Interior-Construction\server\src\routes\auth.js:237:20\n\n2026-08-24T12:03:29.346Z\nerror: column "key_prefix" does not exist
    at D:\Digicloudify softwares\CRM-Interior-Construction\node_modules\pg-pool\index.js:45:11
    at process.processTicksAndRejections (node:internal/process/task_queues:103:5)
    at async D:\Digicloudify softwares\CRM-Interior-Construction\server\src\routes\config\apiKeys.js:26:20\n\n2026-08-25T09:33:08.101Z\nError: INVALID_CREDENTIALS
    at loginUser (D:\Digicloudify softwares\CRM-Interior-Construction\server\src\services\auth\login.js:84:13)
    at process.processTicksAndRejections (node:internal/process/task_queues:103:5)
    at async D:\Digicloudify softwares\CRM-Interior-Construction\server\src\routes\auth.js:99:25\n\n2026-08-31T05:29:14.263Z\nError: Validation failed
    at D:\Digicloudify softwares\CRM-Interior-Construction\server\src\routes\auth.js:71:21
    at Layer.handleRequest (D:\Digicloudify softwares\CRM-Interior-Construction\node_modules\router\lib\layer.js:152:17)
    at next (D:\Digicloudify softwares\CRM-Interior-Construction\node_modules\router\lib\route.js:157:13)
    at Route.dispatch (D:\Digicloudify softwares\CRM-Interior-Construction\node_modules\router\lib\route.js:117:3)
    at handle (D:\Digicloudify softwares\CRM-Interior-Construction\node_modules\router\index.js:435:11)
    at Layer.handleRequest (D:\Digicloudify softwares\CRM-Interior-Construction\node_modules\router\lib\layer.js:152:17)
    at D:\Digicloudify softwares\CRM-Interior-Construction\node_modules\router\index.js:295:15
    at processParams (D:\Digicloudify softwares\CRM-Interior-Construction\node_modules\router\index.js:582:12)
    at next (D:\Digicloudify softwares\CRM-Interior-Construction\node_modules\router\index.js:291:5)
    at router.handle (D:\Digicloudify softwares\CRM-Interior-Construction\node_modules\router\index.js:186:3)\n\n2026-08-31T05:30:38.969Z\nError: INVALID_CREDENTIALS
    at loginUser (D:\Digicloudify softwares\CRM-Interior-Construction\server\src\services\auth\login.js:161:13)
    at process.processTicksAndRejections (node:internal/process/task_queues:103:5)
    at async D:\Digicloudify softwares\CRM-Interior-Construction\server\src\routes\auth.js:99:25\n\n2026-08-31T05:35:28.737Z\nError: INVALID_CREDENTIALS
    at loginUser (D:\Digicloudify softwares\CRM-Interior-Construction\server\src\services\auth\login.js:161:13)
    at process.processTicksAndRejections (node:internal/process/task_queues:103:5)
    at async D:\Digicloudify softwares\CRM-Interior-Construction\server\src\routes\auth.js:99:25\n\n2026-08-31T05:36:38.611Z\nError: INVALID_CREDENTIALS
    at loginUser (D:\Digicloudify softwares\CRM-Interior-Construction\server\src\services\auth\login.js:161:13)
    at process.processTicksAndRejections (node:internal/process/task_queues:103:5)
    at async D:\Digicloudify softwares\CRM-Interior-Construction\server\src\routes\auth.js:99:25\n\n2026-08-31T10:10:14.117Z\nerror: column lp.carpet_area_sqft does not exist
    at D:\Digicloudify softwares\CRM-Interior-Construction\node_modules\pg-pool\index.js:45:11
    at process.processTicksAndRejections (node:internal/process/task_queues:103:5)
    at async findLeadById (D:\Digicloudify softwares\CRM-Interior-Construction\server\src\repositories\leadRepository.js:145:18)
    at async exports.getLeadByIdHandler (D:\Digicloudify softwares\CRM-Interior-Construction\server\src\controllers\leadController.js:2725:18)\n\n2026-08-31T10:10:22.091Z\nerror: column lp.carpet_area_sqft does not exist
    at D:\Digicloudify softwares\CRM-Interior-Construction\node_modules\pg-pool\index.js:45:11
    at process.processTicksAndRejections (node:internal/process/task_queues:103:5)
    at async findLeadById (D:\Digicloudify softwares\CRM-Interior-Construction\server\src\repositories\leadRepository.js:145:18)
    at async exports.getLeadByIdHandler (D:\Digicloudify softwares\CRM-Interior-Construction\server\src\controllers\leadController.js:2725:18)\n\n2026-08-31T10:12:08.278Z\nerror: column lp.carpet_area_sqft does not exist
    at D:\Digicloudify softwares\CRM-Interior-Construction\node_modules\pg-pool\index.js:45:11
    at process.processTicksAndRejections (node:internal/process/task_queues:103:5)
    at async findLeadById (D:\Digicloudify softwares\CRM-Interior-Construction\server\src\repositories\leadRepository.js:145:18)
    at async exports.getLeadByIdHandler (D:\Digicloudify softwares\CRM-Interior-Construction\server\src\controllers\leadController.js:2725:18)\n\n2026-08-31T10:12:15.279Z\nerror: column lp.carpet_area_sqft does not exist
    at D:\Digicloudify softwares\CRM-Interior-Construction\node_modules\pg-pool\index.js:45:11
    at process.processTicksAndRejections (node:internal/process/task_queues:103:5)
    at async findLeadById (D:\Digicloudify softwares\CRM-Interior-Construction\server\src\repositories\leadRepository.js:145:18)
    at async exports.getLeadByIdHandler (D:\Digicloudify softwares\CRM-Interior-Construction\server\src\controllers\leadController.js:2725:18)\n\n2026-08-31T10:15:09.263Z\nerror: column lp.carpet_area_sqft does not exist
    at D:\Digicloudify softwares\CRM-Interior-Construction\node_modules\pg-pool\index.js:45:11
    at process.processTicksAndRejections (node:internal/process/task_queues:103:5)
    at async findLeadById (D:\Digicloudify softwares\CRM-Interior-Construction\server\src\repositories\leadRepository.js:145:18)
    at async exports.getLeadByIdHandler (D:\Digicloudify softwares\CRM-Interior-Construction\server\src\controllers\leadController.js:2725:18)\n\n2026-08-31T10:19:12.015Z\nerror: column ae.created_at does not exist
    at D:\Digicloudify softwares\CRM-Interior-Construction\node_modules\pg-pool\index.js:45:11
    at process.processTicksAndRejections (node:internal/process/task_queues:103:5)
    at async getLeadTimeline (D:\Digicloudify softwares\CRM-Interior-Construction\server\src\repositories\leadRepository.js:805:23)
    at async exports.getTimelineHandler (D:\Digicloudify softwares\CRM-Interior-Construction\server\src\controllers\leadController.js:1318:20)\n\n2026-08-31T10:23:52.393Z\nerror: column "carpet_area_sqft" of relation "lead_properties" does not exist
    at D:\Digicloudify softwares\CRM-Interior-Construction\node_modules\pg\lib\client.js:646:17
    at process.processTicksAndRejections (node:internal/process/task_queues:103:5)
    at async Object.updateLead (D:\Digicloudify softwares\CRM-Interior-Construction\server\src\repositories\leadRepository.js:458:10)
    at async updateLead (D:\Digicloudify softwares\CRM-Interior-Construction\server\src\services\leads\updateLead.js:16:23)
    at async exports.updateLeadHandler (D:\Digicloudify softwares\CRM-Interior-Construction\server\src\controllers\leadController.js:2767:25)\n\n2026-08-31T10:24:09.946Z\nerror: column "carpet_area_sqft" of relation "lead_properties" does not exist
    at D:\Digicloudify softwares\CRM-Interior-Construction\node_modules\pg\lib\client.js:646:17
    at process.processTicksAndRejections (node:internal/process/task_queues:103:5)
    at async Object.updateLead (D:\Digicloudify softwares\CRM-Interior-Construction\server\src\repositories\leadRepository.js:458:10)
    at async updateLead (D:\Digicloudify softwares\CRM-Interior-Construction\server\src\services\leads\updateLead.js:16:23)
    at async exports.updateLeadHandler (D:\Digicloudify softwares\CRM-Interior-Construction\server\src\controllers\leadController.js:2767:25)\n\n2026-09-01T07:44:38.435Z\nError: INVALID_CREDENTIALS
    at loginUser (D:\Digicloudify softwares\CRM-Interior-Construction\server\src\services\auth\login.js:161:13)
    at process.processTicksAndRejections (node:internal/process/task_queues:103:5)
    at async D:\Digicloudify softwares\CRM-Interior-Construction\server\src\routes\auth.js:123:25\n\n2026-09-01T07:44:56.487Z\nError: INVALID_CREDENTIALS
    at loginUser (D:\Digicloudify softwares\CRM-Interior-Construction\server\src\services\auth\login.js:161:13)
    at process.processTicksAndRejections (node:internal/process/task_queues:103:5)
    at async D:\Digicloudify softwares\CRM-Interior-Construction\server\src\routes\auth.js:123:25\n\n2026-09-01T07:45:05.914Z\nError: INVALID_CREDENTIALS
    at loginUser (D:\Digicloudify softwares\CRM-Interior-Construction\server\src\services\auth\login.js:161:13)
    at process.processTicksAndRejections (node:internal/process/task_queues:103:5)
    at async D:\Digicloudify softwares\CRM-Interior-Construction\server\src\routes\auth.js:123:25\n\n2026-09-01T08:10:45.036Z\nAggregateError: 
    at D:\Digicloudify softwares\CRM-Interior-Construction\node_modules\pg-pool\index.js:45:11
    at processTicksAndRejections (node:internal/process/task_queues:103:5)
    at D:\Digicloudify softwares\CRM-Interior-Construction\server\src\routes\auth.js:95:26\n\n2026-09-01T08:10:45.064Z\nAggregateError: 
    at D:\Digicloudify softwares\CRM-Interior-Construction\node_modules\pg-pool\index.js:45:11
    at processTicksAndRejections (node:internal/process/task_queues:103:5)
    at D:\Digicloudify softwares\CRM-Interior-Construction\server\src\routes\auth.js:95:26\n\n2026-09-01T08:10:45.099Z\nError: Validation failed
    at D:\Digicloudify softwares\CRM-Interior-Construction\server\src\routes\auth.js:82:21
    at Layer.handleRequest (D:\Digicloudify softwares\CRM-Interior-Construction\node_modules\router\lib\layer.js:152:17)
    at next (D:\Digicloudify softwares\CRM-Interior-Construction\node_modules\router\lib\route.js:157:13)
    at Route.dispatch (D:\Digicloudify softwares\CRM-Interior-Construction\node_modules\router\lib\route.js:117:3)
    at handle (D:\Digicloudify softwares\CRM-Interior-Construction\node_modules\router\index.js:435:11)
    at Layer.handleRequest (D:\Digicloudify softwares\CRM-Interior-Construction\node_modules\router\lib\layer.js:152:17)
    at D:\Digicloudify softwares\CRM-Interior-Construction\node_modules\router\index.js:295:15
    at processParams (D:\Digicloudify softwares\CRM-Interior-Construction\node_modules\router\index.js:582:12)
    at next (D:\Digicloudify softwares\CRM-Interior-Construction\node_modules\router\index.js:291:5)
    at router.handle (D:\Digicloudify softwares\CRM-Interior-Construction\node_modules\router\index.js:186:3)
    at router (D:\Digicloudify softwares\CRM-Interior-Construction\node_modules\router\index.js:60:12)
    at Layer.handleRequest (D:\Digicloudify softwares\CRM-Interior-Construction\node_modules\router\lib\layer.js:152:17)
    at trimPrefix (D:\Digicloudify softwares\CRM-Interior-Construction\node_modules\router\index.js:342:13)
    at D:\Digicloudify softwares\CRM-Interior-Construction\node_modules\router\index.js:297:9
    at processParams (D:\Digicloudify softwares\CRM-Interior-Construction\node_modules\router\index.js:582:12)
    at next (D:\Digicloudify softwares\CRM-Interior-Construction\node_modules\router\index.js:291:5)
    at next (D:\Digicloudify softwares\CRM-Interior-Construction\server\src\middleware\auditLogger.js:83:3)
    at Layer.handleRequest (D:\Digicloudify softwares\CRM-Interior-Construction\node_modules\router\lib\layer.js:152:17)
    at trimPrefix (D:\Digicloudify softwares\CRM-Interior-Construction\node_modules\router\index.js:342:13)
    at D:\Digicloudify softwares\CRM-Interior-Construction\node_modules\router\index.js:297:9
    at processParams (D:\Digicloudify softwares\CRM-Interior-Construction\node_modules\router\index.js:582:12)
    at next (D:\Digicloudify softwares\CRM-Interior-Construction\node_modules\router\index.js:291:5)
    at next (D:\Digicloudify softwares\CRM-Interior-Construction\server\src\app.js:221:3)
    at Layer.handleRequest (D:\Digicloudify softwares\CRM-Interior-Construction\node_modules\router\lib\layer.js:152:17)
    at trimPrefix (D:\Digicloudify softwares\CRM-Interior-Construction\node_modules\router\index.js:342:13)
    at D:\Digicloudify softwares\CRM-Interior-Construction\node_modules\router\index.js:297:9
    at processParams (D:\Digicloudify softwares\CRM-Interior-Construction\node_modules\router\index.js:582:12)
    at next (D:\Digicloudify softwares\CRM-Interior-Construction\node_modules\router\index.js:291:5)
    at next (D:\Digicloudify softwares\CRM-Interior-Construction\server\src\middleware\responseFormatter.js:80:3)
    at Layer.handleRequest (D:\Digicloudify softwares\CRM-Interior-Construction\node_modules\router\lib\layer.js:152:17)
    at trimPrefix (D:\Digicloudify softwares\CRM-Interior-Construction\node_modules\router\index.js:342:13)
    at D:\Digicloudify softwares\CRM-Interior-Construction\node_modules\router\index.js:297:9
    at processParams (D:\Digicloudify softwares\CRM-Interior-Construction\node_modules\router\index.js:582:12)
    at next (D:\Digicloudify softwares\CRM-Interior-Construction\node_modules\router\index.js:291:5)
    at next (D:\Digicloudify softwares\CRM-Interior-Construction\server\src\app.js:144:5)
    at AsyncLocalStorage.run (node:internal/async_local_storage/async_context_frame:63:14)
    at run (D:\Digicloudify softwares\CRM-Interior-Construction\server\src\app.js:143:21)
    at Layer.handleRequest (D:\Digicloudify softwares\CRM-Interior-Construction\node_modules\router\lib\layer.js:152:17)
    at trimPrefix (D:\Digicloudify softwares\CRM-Interior-Construction\node_modules\router\index.js:342:13)
    at D:\Digicloudify softwares\CRM-Interior-Construction\node_modules\router\index.js:297:9
    at processParams (D:\Digicloudify softwares\CRM-Interior-Construction\node_modules\router\index.js:582:12)
    at next (D:\Digicloudify softwares\CRM-Interior-Construction\node_modules\router\index.js:291:5)
    at cookieParser (D:\Digicloudify softwares\CRM-Interior-Construction\node_modules\cookie-parser\index.js:57:14)
    at Layer.handleRequest (D:\Digicloudify softwares\CRM-Interior-Construction\node_modules\router\lib\layer.js:152:17)
    at trimPrefix (D:\Digicloudify softwares\CRM-Interior-Construction\node_modules\router\index.js:342:13)
    at D:\Digicloudify softwares\CRM-Interior-Construction\node_modules\router\index.js:297:9
    at processParams (D:\Digicloudify softwares\CRM-Interior-Construction\node_modules\router\index.js:582:12)
    at next (D:\Digicloudify softwares\CRM-Interior-Construction\node_modules\router\index.js:291:5)
    at read (D:\Digicloudify softwares\CRM-Interior-Construction\node_modules\body-parser\lib\read.js:42:5)
    at urlencodedParser (D:\Digicloudify softwares\CRM-Interior-Construction\node_modules\body-parser\lib\types\urlencoded.js:57:5)
    at Layer.handleRequest (D:\Digicloudify softwares\CRM-Interior-Construction\node_modules\router\lib\layer.js:152:17)
    at trimPrefix (D:\Digicloudify softwares\CRM-Interior-Construction\node_modules\router\index.js:342:13)
    at D:\Digicloudify softwares\CRM-Interior-Construction\node_modules\router\index.js:297:9
    at processParams (D:\Digicloudify softwares\CRM-Interior-Construction\node_modules\router\index.js:582:12)
    at next (D:\Digicloudify softwares\CRM-Interior-Construction\node_modules\router\index.js:291:5)
    at D:\Digicloudify softwares\CRM-Interior-Construction\node_modules\body-parser\lib\read.js:171:5
    at AsyncResource.runInAsyncScope (node:async_hooks:214:14)
    at invokeCallback (D:\Digicloudify softwares\CRM-Interior-Construction\node_modules\raw-body\index.js:238:16)
    at done (D:\Digicloudify softwares\CRM-Interior-Construction\node_modules\raw-body\index.js:227:7)
    at IncomingMessage.onEnd (D:\Digicloudify softwares\CRM-Interior-Construction\node_modules\raw-body\index.js:287:7)
    at IncomingMessage.emit (node:events:508:28)
    at endReadableNT (node:internal/streams/readable:1701:12)
    at processTicksAndRejections (node:internal/process/task_queues:89:21)\n\n2026-09-01T09:36:35.177Z\nError: INVALID_CREDENTIALS
    at loginUser (D:\Digicloudify softwares\CRM-Interior-Construction\server\src\services\auth\login.js:196:13)
    at processTicksAndRejections (node:internal/process/task_queues:103:5)
    at D:\Digicloudify softwares\CRM-Interior-Construction\server\src\routes\auth.js:121:25\n\n2026-09-01T09:36:35.228Z\nError: Validation failed
    at D:\Digicloudify softwares\CRM-Interior-Construction\server\src\routes\auth.js:82:21
    at Layer.handleRequest (D:\Digicloudify softwares\CRM-Interior-Construction\node_modules\router\lib\layer.js:152:17)
    at next (D:\Digicloudify softwares\CRM-Interior-Construction\node_modules\router\lib\route.js:157:13)
    at Route.dispatch (D:\Digicloudify softwares\CRM-Interior-Construction\node_modules\router\lib\route.js:117:3)
    at handle (D:\Digicloudify softwares\CRM-Interior-Construction\node_modules\router\index.js:435:11)
    at Layer.handleRequest (D:\Digicloudify softwares\CRM-Interior-Construction\node_modules\router\lib\layer.js:152:17)
    at D:\Digicloudify softwares\CRM-Interior-Construction\node_modules\router\index.js:295:15
    at processParams (D:\Digicloudify softwares\CRM-Interior-Construction\node_modules\router\index.js:582:12)
    at next (D:\Digicloudify softwares\CRM-Interior-Construction\node_modules\router\index.js:291:5)
    at router.handle (D:\Digicloudify softwares\CRM-Interior-Construction\node_modules\router\index.js:186:3)
    at router (D:\Digicloudify softwares\CRM-Interior-Construction\node_modules\router\index.js:60:12)
    at Layer.handleRequest (D:\Digicloudify softwares\CRM-Interior-Construction\node_modules\router\lib\layer.js:152:17)
    at trimPrefix (D:\Digicloudify softwares\CRM-Interior-Construction\node_modules\router\index.js:342:13)
    at D:\Digicloudify softwares\CRM-Interior-Construction\node_modules\router\index.js:297:9
    at processParams (D:\Digicloudify softwares\CRM-Interior-Construction\node_modules\router\index.js:582:12)
    at next (D:\Digicloudify softwares\CRM-Interior-Construction\node_modules\router\index.js:291:5)
    at next (D:\Digicloudify softwares\CRM-Interior-Construction\server\src\middleware\auditLogger.js:83:3)
    at Layer.handleRequest (D:\Digicloudify softwares\CRM-Interior-Construction\node_modules\router\lib\layer.js:152:17)
    at trimPrefix (D:\Digicloudify softwares\CRM-Interior-Construction\node_modules\router\index.js:342:13)
    at D:\Digicloudify softwares\CRM-Interior-Construction\node_modules\router\index.js:297:9
    at processParams (D:\Digicloudify softwares\CRM-Interior-Construction\node_modules\router\index.js:582:12)
    at next (D:\Digicloudify softwares\CRM-Interior-Construction\node_modules\router\index.js:291:5)
    at next (D:\Digicloudify softwares\CRM-Interior-Construction\server\src\app.js:221:3)
    at Layer.handleRequest (D:\Digicloudify softwares\CRM-Interior-Construction\node_modules\router\lib\layer.js:152:17)
    at trimPrefix (D:\Digicloudify softwares\CRM-Interior-Construction\node_modules\router\index.js:342:13)
    at D:\Digicloudify softwares\CRM-Interior-Construction\node_modules\router\index.js:297:9
    at processParams (D:\Digicloudify softwares\CRM-Interior-Construction\node_modules\router\index.js:582:12)
    at next (D:\Digicloudify softwares\CRM-Interior-Construction\node_modules\router\index.js:291:5)
    at next (D:\Digicloudify softwares\CRM-Interior-Construction\server\src\middleware\responseFormatter.js:80:3)
    at Layer.handleRequest (D:\Digicloudify softwares\CRM-Interior-Construction\node_modules\router\lib\layer.js:152:17)
    at trimPrefix (D:\Digicloudify softwares\CRM-Interior-Construction\node_modules\router\index.js:342:13)
    at D:\Digicloudify softwares\CRM-Interior-Construction\node_modules\router\index.js:297:9
    at processParams (D:\Digicloudify softwares\CRM-Interior-Construction\node_modules\router\index.js:582:12)
    at next (D:\Digicloudify softwares\CRM-Interior-Construction\node_modules\router\index.js:291:5)
    at next (D:\Digicloudify softwares\CRM-Interior-Construction\server\src\app.js:144:5)
    at AsyncLocalStorage.run (node:internal/async_local_storage/async_context_frame:63:14)
    at run (D:\Digicloudify softwares\CRM-Interior-Construction\server\src\app.js:143:21)
    at Layer.handleRequest (D:\Digicloudify softwares\CRM-Interior-Construction\node_modules\router\lib\layer.js:152:17)
    at trimPrefix (D:\Digicloudify softwares\CRM-Interior-Construction\node_modules\router\index.js:342:13)
    at D:\Digicloudify softwares\CRM-Interior-Construction\node_modules\router\index.js:297:9
    at processParams (D:\Digicloudify softwares\CRM-Interior-Construction\node_modules\router\index.js:582:12)
    at next (D:\Digicloudify softwares\CRM-Interior-Construction\node_modules\router\index.js:291:5)
    at cookieParser (D:\Digicloudify softwares\CRM-Interior-Construction\node_modules\cookie-parser\index.js:57:14)
    at Layer.handleRequest (D:\Digicloudify softwares\CRM-Interior-Construction\node_modules\router\lib\layer.js:152:17)
    at trimPrefix (D:\Digicloudify softwares\CRM-Interior-Construction\node_modules\router\index.js:342:13)
    at D:\Digicloudify softwares\CRM-Interior-Construction\node_modules\router\index.js:297:9
    at processParams (D:\Digicloudify softwares\CRM-Interior-Construction\node_modules\router\index.js:582:12)
    at next (D:\Digicloudify softwares\CRM-Interior-Construction\node_modules\router\index.js:291:5)
    at read (D:\Digicloudify softwares\CRM-Interior-Construction\node_modules\body-parser\lib\read.js:42:5)
    at urlencodedParser (D:\Digicloudify softwares\CRM-Interior-Construction\node_modules\body-parser\lib\types\urlencoded.js:57:5)
    at Layer.handleRequest (D:\Digicloudify softwares\CRM-Interior-Construction\node_modules\router\lib\layer.js:152:17)
    at trimPrefix (D:\Digicloudify softwares\CRM-Interior-Construction\node_modules\router\index.js:342:13)
    at D:\Digicloudify softwares\CRM-Interior-Construction\node_modules\router\index.js:297:9
    at processParams (D:\Digicloudify softwares\CRM-Interior-Construction\node_modules\router\index.js:582:12)
    at next (D:\Digicloudify softwares\CRM-Interior-Construction\node_modules\router\index.js:291:5)
    at D:\Digicloudify softwares\CRM-Interior-Construction\node_modules\body-parser\lib\read.js:171:5
    at AsyncResource.runInAsyncScope (node:async_hooks:214:14)
    at invokeCallback (D:\Digicloudify softwares\CRM-Interior-Construction\node_modules\raw-body\index.js:238:16)
    at done (D:\Digicloudify softwares\CRM-Interior-Construction\node_modules\raw-body\index.js:227:7)
    at IncomingMessage.onEnd (D:\Digicloudify softwares\CRM-Interior-Construction\node_modules\raw-body\index.js:287:7)
    at IncomingMessage.emit (node:events:508:28)
    at endReadableNT (node:internal/streams/readable:1701:12)
    at processTicksAndRejections (node:internal/process/task_queues:89:21)\n\n2026-09-01T09:37:44.443Z\nError: INVALID_CREDENTIALS
    at loginUser (D:\Digicloudify softwares\CRM-Interior-Construction\server\src\services\auth\login.js:196:13)
    at processTicksAndRejections (node:internal/process/task_queues:103:5)
    at D:\Digicloudify softwares\CRM-Interior-Construction\server\src\routes\auth.js:121:25\n\n2026-09-01T09:37:44.476Z\nError: Validation failed
    at D:\Digicloudify softwares\CRM-Interior-Construction\server\src\routes\auth.js:82:21
    at Layer.handleRequest (D:\Digicloudify softwares\CRM-Interior-Construction\node_modules\router\lib\layer.js:152:17)
    at next (D:\Digicloudify softwares\CRM-Interior-Construction\node_modules\router\lib\route.js:157:13)
    at Route.dispatch (D:\Digicloudify softwares\CRM-Interior-Construction\node_modules\router\lib\route.js:117:3)
    at handle (D:\Digicloudify softwares\CRM-Interior-Construction\node_modules\router\index.js:435:11)
    at Layer.handleRequest (D:\Digicloudify softwares\CRM-Interior-Construction\node_modules\router\lib\layer.js:152:17)
    at D:\Digicloudify softwares\CRM-Interior-Construction\node_modules\router\index.js:295:15
    at processParams (D:\Digicloudify softwares\CRM-Interior-Construction\node_modules\router\index.js:582:12)
    at next (D:\Digicloudify softwares\CRM-Interior-Construction\node_modules\router\index.js:291:5)
    at router.handle (D:\Digicloudify softwares\CRM-Interior-Construction\node_modules\router\index.js:186:3)
    at router (D:\Digicloudify softwares\CRM-Interior-Construction\node_modules\router\index.js:60:12)
    at Layer.handleRequest (D:\Digicloudify softwares\CRM-Interior-Construction\node_modules\router\lib\layer.js:152:17)
    at trimPrefix (D:\Digicloudify softwares\CRM-Interior-Construction\node_modules\router\index.js:342:13)
    at D:\Digicloudify softwares\CRM-Interior-Construction\node_modules\router\index.js:297:9
    at processParams (D:\Digicloudify softwares\CRM-Interior-Construction\node_modules\router\index.js:582:12)
    at next (D:\Digicloudify softwares\CRM-Interior-Construction\node_modules\router\index.js:291:5)
    at next (D:\Digicloudify softwares\CRM-Interior-Construction\server\src\middleware\auditLogger.js:83:3)
    at Layer.handleRequest (D:\Digicloudify softwares\CRM-Interior-Construction\node_modules\router\lib\layer.js:152:17)
    at trimPrefix (D:\Digicloudify softwares\CRM-Interior-Construction\node_modules\router\index.js:342:13)
    at D:\Digicloudify softwares\CRM-Interior-Construction\node_modules\router\index.js:297:9
    at processParams (D:\Digicloudify softwares\CRM-Interior-Construction\node_modules\router\index.js:582:12)
    at next (D:\Digicloudify softwares\CRM-Interior-Construction\node_modules\router\index.js:291:5)
    at next (D:\Digicloudify softwares\CRM-Interior-Construction\server\src\app.js:221:3)
    at Layer.handleRequest (D:\Digicloudify softwares\CRM-Interior-Construction\node_modules\router\lib\layer.js:152:17)
    at trimPrefix (D:\Digicloudify softwares\CRM-Interior-Construction\node_modules\router\index.js:342:13)
    at D:\Digicloudify softwares\CRM-Interior-Construction\node_modules\router\index.js:297:9
    at processParams (D:\Digicloudify softwares\CRM-Interior-Construction\node_modules\router\index.js:582:12)
    at next (D:\Digicloudify softwares\CRM-Interior-Construction\node_modules\router\index.js:291:5)
    at next (D:\Digicloudify softwares\CRM-Interior-Construction\server\src\middleware\responseFormatter.js:80:3)
    at Layer.handleRequest (D:\Digicloudify softwares\CRM-Interior-Construction\node_modules\router\lib\layer.js:152:17)
    at trimPrefix (D:\Digicloudify softwares\CRM-Interior-Construction\node_modules\router\index.js:342:13)
    at D:\Digicloudify softwares\CRM-Interior-Construction\node_modules\router\index.js:297:9
    at processParams (D:\Digicloudify softwares\CRM-Interior-Construction\node_modules\router\index.js:582:12)
    at next (D:\Digicloudify softwares\CRM-Interior-Construction\node_modules\router\index.js:291:5)
    at next (D:\Digicloudify softwares\CRM-Interior-Construction\server\src\app.js:144:5)
    at AsyncLocalStorage.run (node:internal/async_local_storage/async_context_frame:63:14)
    at run (D:\Digicloudify softwares\CRM-Interior-Construction\server\src\app.js:143:21)
    at Layer.handleRequest (D:\Digicloudify softwares\CRM-Interior-Construction\node_modules\router\lib\layer.js:152:17)
    at trimPrefix (D:\Digicloudify softwares\CRM-Interior-Construction\node_modules\router\index.js:342:13)
    at D:\Digicloudify softwares\CRM-Interior-Construction\node_modules\router\index.js:297:9
    at processParams (D:\Digicloudify softwares\CRM-Interior-Construction\node_modules\router\index.js:582:12)
    at next (D:\Digicloudify softwares\CRM-Interior-Construction\node_modules\router\index.js:291:5)
    at cookieParser (D:\Digicloudify softwares\CRM-Interior-Construction\node_modules\cookie-parser\index.js:57:14)
    at Layer.handleRequest (D:\Digicloudify softwares\CRM-Interior-Construction\node_modules\router\lib\layer.js:152:17)
    at trimPrefix (D:\Digicloudify softwares\CRM-Interior-Construction\node_modules\router\index.js:342:13)
    at D:\Digicloudify softwares\CRM-Interior-Construction\node_modules\router\index.js:297:9
    at processParams (D:\Digicloudify softwares\CRM-Interior-Construction\node_modules\router\index.js:582:12)
    at next (D:\Digicloudify softwares\CRM-Interior-Construction\node_modules\router\index.js:291:5)
    at read (D:\Digicloudify softwares\CRM-Interior-Construction\node_modules\body-parser\lib\read.js:42:5)
    at urlencodedParser (D:\Digicloudify softwares\CRM-Interior-Construction\node_modules\body-parser\lib\types\urlencoded.js:57:5)
    at Layer.handleRequest (D:\Digicloudify softwares\CRM-Interior-Construction\node_modules\router\lib\layer.js:152:17)
    at trimPrefix (D:\Digicloudify softwares\CRM-Interior-Construction\node_modules\router\index.js:342:13)
    at D:\Digicloudify softwares\CRM-Interior-Construction\node_modules\router\index.js:297:9
    at processParams (D:\Digicloudify softwares\CRM-Interior-Construction\node_modules\router\index.js:582:12)
    at next (D:\Digicloudify softwares\CRM-Interior-Construction\node_modules\router\index.js:291:5)
    at D:\Digicloudify softwares\CRM-Interior-Construction\node_modules\body-parser\lib\read.js:171:5
    at AsyncResource.runInAsyncScope (node:async_hooks:214:14)
    at invokeCallback (D:\Digicloudify softwares\CRM-Interior-Construction\node_modules\raw-body\index.js:238:16)
    at done (D:\Digicloudify softwares\CRM-Interior-Construction\node_modules\raw-body\index.js:227:7)
    at IncomingMessage.onEnd (D:\Digicloudify softwares\CRM-Interior-Construction\node_modules\raw-body\index.js:287:7)
    at IncomingMessage.emit (node:events:508:28)
    at endReadableNT (node:internal/streams/readable:1701:12)
    at processTicksAndRejections (node:internal/process/task_queues:89:21)\n\n2026-09-01T10:19:35.811Z\nError: INVALID_CREDENTIALS
    at loginUser (D:\Digicloudify softwares\CRM-Interior-Construction\server\src\services\auth\login.js:196:13)
    at processTicksAndRejections (node:internal/process/task_queues:103:5)
    at D:\Digicloudify softwares\CRM-Interior-Construction\server\src\routes\auth.js:121:25\n\n2026-09-01T10:19:35.860Z\nError: Validation failed
    at D:\Digicloudify softwares\CRM-Interior-Construction\server\src\routes\auth.js:82:21
    at Layer.handleRequest (D:\Digicloudify softwares\CRM-Interior-Construction\node_modules\router\lib\layer.js:152:17)
    at next (D:\Digicloudify softwares\CRM-Interior-Construction\node_modules\router\lib\route.js:157:13)
    at Route.dispatch (D:\Digicloudify softwares\CRM-Interior-Construction\node_modules\router\lib\route.js:117:3)
    at handle (D:\Digicloudify softwares\CRM-Interior-Construction\node_modules\router\index.js:435:11)
    at Layer.handleRequest (D:\Digicloudify softwares\CRM-Interior-Construction\node_modules\router\lib\layer.js:152:17)
    at D:\Digicloudify softwares\CRM-Interior-Construction\node_modules\router\index.js:295:15
    at processParams (D:\Digicloudify softwares\CRM-Interior-Construction\node_modules\router\index.js:582:12)
    at next (D:\Digicloudify softwares\CRM-Interior-Construction\node_modules\router\index.js:291:5)
    at router.handle (D:\Digicloudify softwares\CRM-Interior-Construction\node_modules\router\index.js:186:3)
    at router (D:\Digicloudify softwares\CRM-Interior-Construction\node_modules\router\index.js:60:12)
    at Layer.handleRequest (D:\Digicloudify softwares\CRM-Interior-Construction\node_modules\router\lib\layer.js:152:17)
    at trimPrefix (D:\Digicloudify softwares\CRM-Interior-Construction\node_modules\router\index.js:342:13)
    at D:\Digicloudify softwares\CRM-Interior-Construction\node_modules\router\index.js:297:9
    at processParams (D:\Digicloudify softwares\CRM-Interior-Construction\node_modules\router\index.js:582:12)
    at next (D:\Digicloudify softwares\CRM-Interior-Construction\node_modules\router\index.js:291:5)
    at next (D:\Digicloudify softwares\CRM-Interior-Construction\server\src\middleware\auditLogger.js:83:3)
    at Layer.handleRequest (D:\Digicloudify softwares\CRM-Interior-Construction\node_modules\router\lib\layer.js:152:17)
    at trimPrefix (D:\Digicloudify softwares\CRM-Interior-Construction\node_modules\router\index.js:342:13)
    at D:\Digicloudify softwares\CRM-Interior-Construction\node_modules\router\index.js:297:9
    at processParams (D:\Digicloudify softwares\CRM-Interior-Construction\node_modules\router\index.js:582:12)
    at next (D:\Digicloudify softwares\CRM-Interior-Construction\node_modules\router\index.js:291:5)
    at next (D:\Digicloudify softwares\CRM-Interior-Construction\server\src\app.js:221:3)
    at Layer.handleRequest (D:\Digicloudify softwares\CRM-Interior-Construction\node_modules\router\lib\layer.js:152:17)
    at trimPrefix (D:\Digicloudify softwares\CRM-Interior-Construction\node_modules\router\index.js:342:13)
    at D:\Digicloudify softwares\CRM-Interior-Construction\node_modules\router\index.js:297:9
    at processParams (D:\Digicloudify softwares\CRM-Interior-Construction\node_modules\router\index.js:582:12)
    at next (D:\Digicloudify softwares\CRM-Interior-Construction\node_modules\router\index.js:291:5)
    at next (D:\Digicloudify softwares\CRM-Interior-Construction\server\src\middleware\responseFormatter.js:80:3)
    at Layer.handleRequest (D:\Digicloudify softwares\CRM-Interior-Construction\node_modules\router\lib\layer.js:152:17)
    at trimPrefix (D:\Digicloudify softwares\CRM-Interior-Construction\node_modules\router\index.js:342:13)
    at D:\Digicloudify softwares\CRM-Interior-Construction\node_modules\router\index.js:297:9
    at processParams (D:\Digicloudify softwares\CRM-Interior-Construction\node_modules\router\index.js:582:12)
    at next (D:\Digicloudify softwares\CRM-Interior-Construction\node_modules\router\index.js:291:5)
    at next (D:\Digicloudify softwares\CRM-Interior-Construction\server\src\app.js:144:5)
    at AsyncLocalStorage.run (node:internal/async_local_storage/async_context_frame:63:14)
    at run (D:\Digicloudify softwares\CRM-Interior-Construction\server\src\app.js:143:21)
    at Layer.handleRequest (D:\Digicloudify softwares\CRM-Interior-Construction\node_modules\router\lib\layer.js:152:17)
    at trimPrefix (D:\Digicloudify softwares\CRM-Interior-Construction\node_modules\router\index.js:342:13)
    at D:\Digicloudify softwares\CRM-Interior-Construction\node_modules\router\index.js:297:9
    at processParams (D:\Digicloudify softwares\CRM-Interior-Construction\node_modules\router\index.js:582:12)
    at next (D:\Digicloudify softwares\CRM-Interior-Construction\node_modules\router\index.js:291:5)
    at cookieParser (D:\Digicloudify softwares\CRM-Interior-Construction\node_modules\cookie-parser\index.js:57:14)
    at Layer.handleRequest (D:\Digicloudify softwares\CRM-Interior-Construction\node_modules\router\lib\layer.js:152:17)
    at trimPrefix (D:\Digicloudify softwares\CRM-Interior-Construction\node_modules\router\index.js:342:13)
    at D:\Digicloudify softwares\CRM-Interior-Construction\node_modules\router\index.js:297:9
    at processParams (D:\Digicloudify softwares\CRM-Interior-Construction\node_modules\router\index.js:582:12)
    at next (D:\Digicloudify softwares\CRM-Interior-Construction\node_modules\router\index.js:291:5)
    at read (D:\Digicloudify softwares\CRM-Interior-Construction\node_modules\body-parser\lib\read.js:42:5)
    at urlencodedParser (D:\Digicloudify softwares\CRM-Interior-Construction\node_modules\body-parser\lib\types\urlencoded.js:57:5)
    at Layer.handleRequest (D:\Digicloudify softwares\CRM-Interior-Construction\node_modules\router\lib\layer.js:152:17)
    at trimPrefix (D:\Digicloudify softwares\CRM-Interior-Construction\node_modules\router\index.js:342:13)
    at D:\Digicloudify softwares\CRM-Interior-Construction\node_modules\router\index.js:297:9
    at processParams (D:\Digicloudify softwares\CRM-Interior-Construction\node_modules\router\index.js:582:12)
    at next (D:\Digicloudify softwares\CRM-Interior-Construction\node_modules\router\index.js:291:5)
    at D:\Digicloudify softwares\CRM-Interior-Construction\node_modules\body-parser\lib\read.js:171:5
    at AsyncResource.runInAsyncScope (node:async_hooks:214:14)
    at invokeCallback (D:\Digicloudify softwares\CRM-Interior-Construction\node_modules\raw-body\index.js:238:16)
    at done (D:\Digicloudify softwares\CRM-Interior-Construction\node_modules\raw-body\index.js:227:7)
    at IncomingMessage.onEnd (D:\Digicloudify softwares\CRM-Interior-Construction\node_modules\raw-body\index.js:287:7)
    at IncomingMessage.emit (node:events:508:28)
    at endReadableNT (node:internal/streams/readable:1701:12)
    at processTicksAndRejections (node:internal/process/task_queues:89:21)\n\n2026-09-01T11:47:39.169Z\nError: INVALID_CREDENTIALS
    at loginUser (D:\Digicloudify softwares\CRM-Interior-Construction\server\src\services\auth\login.js:196:13)
    at process.processTicksAndRejections (node:internal/process/task_queues:103:5)
    at async D:\Digicloudify softwares\CRM-Interior-Construction\server\src\routes\auth.js:121:25\n\n2026-09-01T12:03:03.528Z\nError: INVALID_CREDENTIALS
    at loginUser (D:\Digicloudify softwares\CRM-Interior-Construction\server\src\services\auth\login.js:196:13)
    at process.processTicksAndRejections (node:internal/process/task_queues:103:5)
    at async D:\Digicloudify softwares\CRM-Interior-Construction\server\src\routes\auth.js:121:25\n\n2026-09-02T05:16:10.153Z\nerror: column "is_debug_mode" does not exist
    at D:\Digicloudify softwares\CRM-Interior-Construction\node_modules\pg-pool\index.js:45:11
    at process.processTicksAndRejections (node:internal/process/task_queues:103:5)
    at async D:\Digicloudify softwares\CRM-Interior-Construction\server\src\routes\config\webhooks.js:24:20\n\n2026-09-02T05:22:36.970Z\nerror: column "is_debug_mode" does not exist
    at D:\Digicloudify softwares\CRM-Interior-Construction\node_modules\pg-pool\index.js:45:11
    at process.processTicksAndRejections (node:internal/process/task_queues:103:5)
    at async D:\Digicloudify softwares\CRM-Interior-Construction\server\src\routes\config\webhooks.js:24:20\n\n2026-09-02T05:22:39.554Z\nerror: column "is_debug_mode" does not exist
    at D:\Digicloudify softwares\CRM-Interior-Construction\node_modules\pg-pool\index.js:45:11
    at process.processTicksAndRejections (node:internal/process/task_queues:103:5)
    at async D:\Digicloudify softwares\CRM-Interior-Construction\server\src\routes\config\webhooks.js:24:20\n\n2026-09-02T05:25:44.685Z\nerror: column "description" does not exist
    at D:\Digicloudify softwares\CRM-Interior-Construction\node_modules\pg-pool\index.js:45:11
    at process.processTicksAndRejections (node:internal/process/task_queues:103:5)
    at async Object.getKeys (D:\Digicloudify softwares\CRM-Interior-Construction\server\src\repositories\apiKeyRepository.js:14:15)
    at async exports.getTokens (D:\Digicloudify softwares\CRM-Interior-Construction\server\src\controllers\apiTokenController.js:20:20)\n\n2026-09-02T05:25:46.742Z\nerror: column "is_debug_mode" does not exist
    at D:\Digicloudify softwares\CRM-Interior-Construction\node_modules\pg-pool\index.js:45:11
    at process.processTicksAndRejections (node:internal/process/task_queues:103:5)
    at async D:\Digicloudify softwares\CRM-Interior-Construction\server\src\routes\config\webhooks.js:24:20\n\n2026-09-02T10:17:53.577Z\nerror: column pm_user.phone does not exist
    at D:\Digicloudify softwares\CRM-Interior-Construction\node_modules\pg-pool\index.js:45:11
    at process.processTicksAndRejections (node:internal/process/task_queues:103:5)
    at async D:\Digicloudify softwares\CRM-Interior-Construction\server\src\routes\portal\project.js:75:20\n\n2026-09-02T10:18:19.568Z\nerror: column pm_user.phone does not exist
    at D:\Digicloudify softwares\CRM-Interior-Construction\node_modules\pg-pool\index.js:45:11
    at process.processTicksAndRejections (node:internal/process/task_queues:103:5)
    at async D:\Digicloudify softwares\CRM-Interior-Construction\server\src\routes\portal\project.js:75:20\n\n2026-09-02T10:19:11.766Z\nerror: column pm_user.phone does not exist
    at D:\Digicloudify softwares\CRM-Interior-Construction\node_modules\pg-pool\index.js:45:11
    at process.processTicksAndRejections (node:internal/process/task_queues:103:5)
    at async D:\Digicloudify softwares\CRM-Interior-Construction\server\src\routes\portal\project.js:75:20\n\n2026-09-02T10:19:16.234Z\nerror: column pm_user.phone does not exist
    at D:\Digicloudify softwares\CRM-Interior-Construction\node_modules\pg-pool\index.js:45:11
    at process.processTicksAndRejections (node:internal/process/task_queues:103:5)
    at async D:\Digicloudify softwares\CRM-Interior-Construction\server\src\routes\portal\project.js:75:20\n\n2026-09-02T10:19:18.448Z\nerror: column pm_user.phone does not exist
    at D:\Digicloudify softwares\CRM-Interior-Construction\node_modules\pg-pool\index.js:45:11
    at process.processTicksAndRejections (node:internal/process/task_queues:103:5)
    at async D:\Digicloudify softwares\CRM-Interior-Construction\server\src\routes\portal\project.js:75:20\n\n2026-09-02T10:19:22.475Z\nerror: column pm_user.phone does not exist
    at D:\Digicloudify softwares\CRM-Interior-Construction\node_modules\pg-pool\index.js:45:11
    at process.processTicksAndRejections (node:internal/process/task_queues:103:5)
    at async D:\Digicloudify softwares\CRM-Interior-Construction\server\src\routes\portal\project.js:75:20\n\n2026-09-02T10:19:24.827Z\nerror: column pm_user.phone does not exist
    at D:\Digicloudify softwares\CRM-Interior-Construction\node_modules\pg-pool\index.js:45:11
    at process.processTicksAndRejections (node:internal/process/task_queues:103:5)
    at async D:\Digicloudify softwares\CRM-Interior-Construction\server\src\routes\portal\project.js:75:20\n\n2026-09-02T10:21:49.366Z\nerror: column pm_user.phone does not exist
    at D:\Digicloudify softwares\CRM-Interior-Construction\node_modules\pg-pool\index.js:45:11
    at process.processTicksAndRejections (node:internal/process/task_queues:103:5)
    at async D:\Digicloudify softwares\CRM-Interior-Construction\server\src\routes\portal\project.js:75:20\n\n2026-09-02T10:21:52.761Z\nerror: column pm_user.phone does not exist
    at D:\Digicloudify softwares\CRM-Interior-Construction\node_modules\pg-pool\index.js:45:11
    at process.processTicksAndRejections (node:internal/process/task_queues:103:5)
    at async D:\Digicloudify softwares\CRM-Interior-Construction\server\src\routes\portal\project.js:75:20\n\n2026-09-02T10:22:11.581Z\nerror: column pm_user.phone does not exist
    at D:\Digicloudify softwares\CRM-Interior-Construction\node_modules\pg-pool\index.js:45:11
    at process.processTicksAndRejections (node:internal/process/task_queues:103:5)
    at async D:\Digicloudify softwares\CRM-Interior-Construction\server\src\routes\portal\project.js:75:20\n\n2026-09-02T10:23:02.672Z\nerror: column pm_user.phone does not exist
    at D:\Digicloudify softwares\CRM-Interior-Construction\node_modules\pg-pool\index.js:45:11
    at process.processTicksAndRejections (node:internal/process/task_queues:103:5)
    at async D:\Digicloudify softwares\CRM-Interior-Construction\server\src\routes\portal\project.js:75:20\n\n2026-09-02T10:23:06.015Z\nerror: column pm_user.phone does not exist
    at D:\Digicloudify softwares\CRM-Interior-Construction\node_modules\pg-pool\index.js:45:11
    at process.processTicksAndRejections (node:internal/process/task_queues:103:5)
    at async D:\Digicloudify softwares\CRM-Interior-Construction\server\src\routes\portal\project.js:75:20\n\n2026-09-02T10:58:53.648Z\nerror: column mn.is_signed_off does not exist
    at D:\Digicloudify softwares\CRM-Interior-Construction\node_modules\pg-pool\index.js:45:11
    at process.processTicksAndRejections (node:internal/process/task_queues:103:5)
    at async D:\Digicloudify softwares\CRM-Interior-Construction\server\src\routes\portal\project.js:374:20\n\n2026-09-02T10:59:05.409Z\nerror: column mn.is_signed_off does not exist
    at D:\Digicloudify softwares\CRM-Interior-Construction\node_modules\pg-pool\index.js:45:11
    at process.processTicksAndRejections (node:internal/process/task_queues:103:5)
    at async D:\Digicloudify softwares\CRM-Interior-Construction\server\src\routes\portal\project.js:374:20\n\n2026-09-02T11:01:15.859Z\nerror: COALESCE types text and timestamp without time zone cannot be matched
    at D:\Digicloudify softwares\CRM-Interior-Construction\node_modules\pg-pool\index.js:45:11
    at process.processTicksAndRejections (node:internal/process/task_queues:103:5)
    at async D:\Digicloudify softwares\CRM-Interior-Construction\server\src\routes\portal\project.js:373:20\n\n2026-09-02T12:55:21.906Z\nerror: invalid input syntax for type uuid: "assigned"
    at D:\Digicloudify softwares\CRM-Interior-Construction\node_modules\pg-pool\index.js:45:11
    at process.processTicksAndRejections (node:internal/process/task_queues:103:5)
    at async getLeadStats (D:\Digicloudify softwares\CRM-Interior-Construction\server\src\repositories\leadRepository.js:758:18)
    at async exports.getLeadStatsHandler (D:\Digicloudify softwares\CRM-Interior-Construction\server\src\controllers\leadController.js:1412:19)\n\n2026-09-02T12:57:25.603Z\nerror: invalid input syntax for type uuid: "assigned"
    at D:\Digicloudify softwares\CRM-Interior-Construction\node_modules\pg-pool\index.js:45:11
    at process.processTicksAndRejections (node:internal/process/task_queues:103:5)
    at async getLeadStats (D:\Digicloudify softwares\CRM-Interior-Construction\server\src\repositories\leadRepository.js:758:18)
    at async exports.getLeadStatsHandler (D:\Digicloudify softwares\CRM-Interior-Construction\server\src\controllers\leadController.js:1412:19)\n\n2026-09-02T13:02:22.249Z\nerror: invalid input syntax for type uuid: "assigned"
    at D:\Digicloudify softwares\CRM-Interior-Construction\node_modules\pg-pool\index.js:45:11
    at process.processTicksAndRejections (node:internal/process/task_queues:103:5)
    at async getLeadStats (D:\Digicloudify softwares\CRM-Interior-Construction\server\src\repositories\leadRepository.js:758:18)
    at async exports.getLeadStatsHandler (D:\Digicloudify softwares\CRM-Interior-Construction\server\src\controllers\leadController.js:1412:19)\n\n2026-09-07T07:47:57.808Z\nerror: column "collected_by_name" does not exist
    at D:\Digicloudify softwares\CRM-Interior-Construction\node_modules\pg\lib\client.js:646:17
    at process.processTicksAndRejections (node:internal/process/task_queues:103:5)
    at async D:\Digicloudify softwares\CRM-Interior-Construction\server\src\routes\financialApprovals.js:508:9\n\n2026-09-07T07:51:04.895Z\nerror: column "collected_by_name" does not exist
    at D:\Digicloudify softwares\CRM-Interior-Construction\node_modules\pg\lib\client.js:646:17
    at process.processTicksAndRejections (node:internal/process/task_queues:103:5)
    at async D:\Digicloudify softwares\CRM-Interior-Construction\server\src\routes\financialApprovals.js:508:9\n\n2026-09-07T07:51:31.243Z\nerror: column "collected_by_name" does not exist
    at D:\Digicloudify softwares\CRM-Interior-Construction\node_modules\pg\lib\client.js:646:17
    at process.processTicksAndRejections (node:internal/process/task_queues:103:5)
    at async D:\Digicloudify softwares\CRM-Interior-Construction\server\src\routes\financialApprovals.js:508:9\n\n2026-09-07T08:06:00.943Z\nerror: column "collected_by_name" does not exist
    at D:\Digicloudify softwares\CRM-Interior-Construction\node_modules\pg\lib\client.js:646:17
    at process.processTicksAndRejections (node:internal/process/task_queues:103:5)
    at async D:\Digicloudify softwares\CRM-Interior-Construction\server\src\routes\financialApprovals.js:509:9\n\n2026-09-07T08:51:30.208Z\nerror: column "updated_at" of relation "payment_milestones" does not exist
    at D:\Digicloudify softwares\CRM-Interior-Construction\node_modules\pg\lib\client.js:646:17
    at process.processTicksAndRejections (node:internal/process/task_queues:103:5)
    at async D:\Digicloudify softwares\CRM-Interior-Construction\server\src\routes\financialApprovals.js:513:9\n\n2026-09-07T09:32:40.019Z\nerror: invalid input syntax for type uuid: "INV-1788773550926"
    at D:\Digicloudify softwares\CRM-Interior-Construction\node_modules\pg-pool\index.js:45:11
    at process.processTicksAndRejections (node:internal/process/task_queues:103:5)
    at async deleteInvoice (D:\Digicloudify softwares\CRM-Interior-Construction\server\src\services\projects\invoiceService.js:430:20)
    at async D:\Digicloudify softwares\CRM-Interior-Construction\server\src\routes\invoices.js:185:20\n\n2026-09-07T09:53:44.187Z\nerror: new row for relation "invoices" violates check constraint "invoices_gst_type_check"
    at D:\Digicloudify softwares\CRM-Interior-Construction\node_modules\pg-pool\index.js:45:11
    at process.processTicksAndRejections (node:internal/process/task_queues:103:5)
    at async createInvoice (D:\Digicloudify softwares\CRM-Interior-Construction\server\src\services\projects\invoiceService.js:196:20)
    at async D:\Digicloudify softwares\CRM-Interior-Construction\server\src\routes\invoices.js:111:21\n\n2026-09-07T10:02:04.126Z\nerror: new row for relation "invoices" violates check constraint "invoices_gst_type_check"
    at D:\Digicloudify softwares\CRM-Interior-Construction\node_modules\pg-pool\index.js:45:11
    at process.processTicksAndRejections (node:internal/process/task_queues:103:5)
    at async createInvoice (D:\Digicloudify softwares\CRM-Interior-Construction\server\src\services\projects\invoiceService.js:200:20)
    at async D:\Digicloudify softwares\CRM-Interior-Construction\server\src\routes\invoices.js:120:21\n\n2026-09-07T10:04:15.133Z\nerror: new row for relation "invoices" violates check constraint "invoices_gst_type_check"
    at D:\Digicloudify softwares\CRM-Interior-Construction\node_modules\pg-pool\index.js:45:11
    at process.processTicksAndRejections (node:internal/process/task_queues:103:5)
    at async createInvoice (D:\Digicloudify softwares\CRM-Interior-Construction\server\src\services\projects\invoiceService.js:200:20)
    at async D:\Digicloudify softwares\CRM-Interior-Construction\server\src\routes\invoices.js:120:21\n\n2026-09-07T10:09:33.955Z\nerror: new row for relation "invoices" violates check constraint "invoices_gst_type_check"
    at D:\Digicloudify softwares\CRM-Interior-Construction\node_modules\pg-pool\index.js:45:11
    at process.processTicksAndRejections (node:internal/process/task_queues:103:5)
    at async createInvoice (D:\Digicloudify softwares\CRM-Interior-Construction\server\src\services\projects\invoiceService.js:200:20)
    at async D:\Digicloudify softwares\CRM-Interior-Construction\server\src\routes\invoices.js:120:21\n\n2026-09-07T10:15:25.721Z\nerror: duplicate key value violates unique constraint "invoices_payment_milestone_id_key"
    at D:\Digicloudify softwares\CRM-Interior-Construction\node_modules\pg-pool\index.js:45:11
    at process.processTicksAndRejections (node:internal/process/task_queues:103:5)
    at async createInvoice (D:\Digicloudify softwares\CRM-Interior-Construction\server\src\services\projects\invoiceService.js:201:20)
    at async D:\Digicloudify softwares\CRM-Interior-Construction\server\src\routes\invoices.js:120:21\n\n2026-09-07T10:15:39.684Z\nerror: duplicate key value violates unique constraint "invoices_payment_milestone_id_key"
    at D:\Digicloudify softwares\CRM-Interior-Construction\node_modules\pg-pool\index.js:45:11
    at process.processTicksAndRejections (node:internal/process/task_queues:103:5)
    at async createInvoice (D:\Digicloudify softwares\CRM-Interior-Construction\server\src\services\projects\invoiceService.js:201:20)
    at async D:\Digicloudify softwares\CRM-Interior-Construction\server\src\routes\invoices.js:120:21\n\n2026-09-07T10:15:49.000Z\nerror: duplicate key value violates unique constraint "invoices_payment_milestone_id_key"
    at D:\Digicloudify softwares\CRM-Interior-Construction\node_modules\pg-pool\index.js:45:11
    at process.processTicksAndRejections (node:internal/process/task_queues:103:5)
    at async createInvoice (D:\Digicloudify softwares\CRM-Interior-Construction\server\src\services\projects\invoiceService.js:201:20)
    at async D:\Digicloudify softwares\CRM-Interior-Construction\server\src\routes\invoices.js:120:21\n\n2026-09-07T10:15:50.297Z\nerror: duplicate key value violates unique constraint "invoices_payment_milestone_id_key"
    at D:\Digicloudify softwares\CRM-Interior-Construction\node_modules\pg-pool\index.js:45:11
    at process.processTicksAndRejections (node:internal/process/task_queues:103:5)
    at async createInvoice (D:\Digicloudify softwares\CRM-Interior-Construction\server\src\services\projects\invoiceService.js:201:20)
    at async D:\Digicloudify softwares\CRM-Interior-Construction\server\src\routes\invoices.js:120:21\n\n2026-09-08T07:59:45.423Z\nReferenceError: assigneeId is not defined
    at updateSnagStatus (D:\Digicloudify softwares\CRM-Interior-Construction\server\src\services\postSale\snagService.js:158:3)
    at process.processTicksAndRejections (node:internal/process/task_queues:103:5)
    at async D:\Digicloudify softwares\CRM-Interior-Construction\server\src\routes\snags.js:78:23\n\n2026-09-08T07:59:47.463Z\nReferenceError: assigneeId is not defined
    at updateSnagStatus (D:\Digicloudify softwares\CRM-Interior-Construction\server\src\services\postSale\snagService.js:158:3)
    at process.processTicksAndRejections (node:internal/process/task_queues:103:5)
    at async D:\Digicloudify softwares\CRM-Interior-Construction\server\src\routes\snags.js:78:23\n\n2026-09-08T07:59:55.970Z\nReferenceError: assigneeId is not defined
    at updateSnagStatus (D:\Digicloudify softwares\CRM-Interior-Construction\server\src\services\postSale\snagService.js:158:3)
    at process.processTicksAndRejections (node:internal/process/task_queues:103:5)
    at async D:\Digicloudify softwares\CRM-Interior-Construction\server\src\routes\snags.js:78:23\n\n2026-09-08T08:02:10.177Z\nReferenceError: assigneeId is not defined
    at updateSnagStatus (D:\Digicloudify softwares\CRM-Interior-Construction\server\src\services\postSale\snagService.js:158:3)
    at process.processTicksAndRejections (node:internal/process/task_queues:103:5)
    at async D:\Digicloudify softwares\CRM-Interior-Construction\server\src\routes\snags.js:78:23\n\n2026-09-09T05:11:28.504Z\nerror: operator does not exist: character varying = uuid
    at D:\Digicloudify softwares\CRM-Interior-Construction\node_modules\pg-pool\index.js:45:11
    at process.processTicksAndRejections (node:internal/process/task_queues:103:5)
    at async D:\Digicloudify softwares\CRM-Interior-Construction\server\src\routes\loginHistory.js:67:24\n\n2026-09-09T05:11:48.409Z\nerror: operator does not exist: character varying = uuid
    at D:\Digicloudify softwares\CRM-Interior-Construction\node_modules\pg-pool\index.js:45:11
    at process.processTicksAndRejections (node:internal/process/task_queues:103:5)
    at async D:\Digicloudify softwares\CRM-Interior-Construction\server\src\routes\loginHistory.js:67:24\n\n2026-09-10T05:50:16.196Z\nTypeError: Cannot destructure property 'type' of 'req.body' as it is undefined.
    at D:\Digicloudify softwares\CRM-Interior-Construction\server\src\routes\financialApprovals.js:906:13
    at Layer.handleRequest (D:\Digicloudify softwares\CRM-Interior-Construction\node_modules\router\lib\layer.js:152:17)
    at next (D:\Digicloudify softwares\CRM-Interior-Construction\node_modules\router\lib\route.js:157:13)
    at Route.dispatch (D:\Digicloudify softwares\CRM-Interior-Construction\node_modules\router\lib\route.js:117:3)
    at handle (D:\Digicloudify softwares\CRM-Interior-Construction\node_modules\router\index.js:435:11)
    at Layer.handleRequest (D:\Digicloudify softwares\CRM-Interior-Construction\node_modules\router\lib\layer.js:152:17)
    at D:\Digicloudify softwares\CRM-Interior-Construction\node_modules\router\index.js:295:15
    at param (D:\Digicloudify softwares\CRM-Interior-Construction\node_modules\router\index.js:600:14)
    at paramCallback (D:\Digicloudify softwares\CRM-Interior-Construction\node_modules\router\index.js:646:21)
    at D:\Digicloudify softwares\CRM-Interior-Construction\server\src\routes\financialApprovals.js:29:3\n\n2026-09-10T05:50:17.436Z\nerror: column u.first_name does not exist
    at D:\Digicloudify softwares\CRM-Interior-Construction\node_modules\pg-pool\index.js:45:11
    at process.processTicksAndRejections (node:internal/process/task_queues:103:5)
    at async D:\Digicloudify softwares\CRM-Interior-Construction\server\src\routes\financialApprovals.js:1015:22\n\n2026-09-10T05:50:23.823Z\nerror: column u.first_name does not exist
    at D:\Digicloudify softwares\CRM-Interior-Construction\node_modules\pg-pool\index.js:45:11
    at process.processTicksAndRejections (node:internal/process/task_queues:103:5)
    at async D:\Digicloudify softwares\CRM-Interior-Construction\server\src\routes\financialApprovals.js:735:22\n\n2026-09-10T05:50:55.340Z\nTypeError: Cannot destructure property 'type' of 'req.body' as it is undefined.
    at D:\Digicloudify softwares\CRM-Interior-Construction\server\src\routes\financialApprovals.js:906:13
    at Layer.handleRequest (D:\Digicloudify softwares\CRM-Interior-Construction\node_modules\router\lib\layer.js:152:17)
    at next (D:\Digicloudify softwares\CRM-Interior-Construction\node_modules\router\lib\route.js:157:13)
    at Route.dispatch (D:\Digicloudify softwares\CRM-Interior-Construction\node_modules\router\lib\route.js:117:3)
    at handle (D:\Digicloudify softwares\CRM-Interior-Construction\node_modules\router\index.js:435:11)
    at Layer.handleRequest (D:\Digicloudify softwares\CRM-Interior-Construction\node_modules\router\lib\layer.js:152:17)
    at D:\Digicloudify softwares\CRM-Interior-Construction\node_modules\router\index.js:295:15
    at param (D:\Digicloudify softwares\CRM-Interior-Construction\node_modules\router\index.js:600:14)
    at paramCallback (D:\Digicloudify softwares\CRM-Interior-Construction\node_modules\router\index.js:646:21)
    at D:\Digicloudify softwares\CRM-Interior-Construction\server\src\routes\financialApprovals.js:29:3\n\n2026-09-10T05:56:00.960Z\nTypeError: Cannot destructure property 'type' of 'req.body' as it is undefined.
    at D:\Digicloudify softwares\CRM-Interior-Construction\server\src\routes\financialApprovals.js:906:13
    at Layer.handleRequest (D:\Digicloudify softwares\CRM-Interior-Construction\node_modules\router\lib\layer.js:152:17)
    at next (D:\Digicloudify softwares\CRM-Interior-Construction\node_modules\router\lib\route.js:157:13)
    at Route.dispatch (D:\Digicloudify softwares\CRM-Interior-Construction\node_modules\router\lib\route.js:117:3)
    at handle (D:\Digicloudify softwares\CRM-Interior-Construction\node_modules\router\index.js:435:11)
    at Layer.handleRequest (D:\Digicloudify softwares\CRM-Interior-Construction\node_modules\router\lib\layer.js:152:17)
    at D:\Digicloudify softwares\CRM-Interior-Construction\node_modules\router\index.js:295:15
    at param (D:\Digicloudify softwares\CRM-Interior-Construction\node_modules\router\index.js:600:14)
    at paramCallback (D:\Digicloudify softwares\CRM-Interior-Construction\node_modules\router\index.js:646:21)
    at D:\Digicloudify softwares\CRM-Interior-Construction\server\src\routes\financialApprovals.js:29:3\n\n2026-09-10T05:56:01.185Z\nerror: column u.first_name does not exist
    at D:\Digicloudify softwares\CRM-Interior-Construction\node_modules\pg-pool\index.js:45:11
    at process.processTicksAndRejections (node:internal/process/task_queues:103:5)
    at async D:\Digicloudify softwares\CRM-Interior-Construction\server\src\routes\financialApprovals.js:1015:22\n\n2026-09-10T05:56:05.184Z\nerror: column u.first_name does not exist
    at D:\Digicloudify softwares\CRM-Interior-Construction\node_modules\pg-pool\index.js:45:11
    at process.processTicksAndRejections (node:internal/process/task_queues:103:5)
    at async D:\Digicloudify softwares\CRM-Interior-Construction\server\src\routes\financialApprovals.js:735:22\n\n2026-09-10T05:56:23.972Z\nTypeError: Cannot destructure property 'type' of 'req.body' as it is undefined.
    at D:\Digicloudify softwares\CRM-Interior-Construction\server\src\routes\financialApprovals.js:906:13
    at Layer.handleRequest (D:\Digicloudify softwares\CRM-Interior-Construction\node_modules\router\lib\layer.js:152:17)
    at next (D:\Digicloudify softwares\CRM-Interior-Construction\node_modules\router\lib\route.js:157:13)
    at Route.dispatch (D:\Digicloudify softwares\CRM-Interior-Construction\node_modules\router\lib\route.js:117:3)
    at handle (D:\Digicloudify softwares\CRM-Interior-Construction\node_modules\router\index.js:435:11)
    at Layer.handleRequest (D:\Digicloudify softwares\CRM-Interior-Construction\node_modules\router\lib\layer.js:152:17)
    at D:\Digicloudify softwares\CRM-Interior-Construction\node_modules\router\index.js:295:15
    at param (D:\Digicloudify softwares\CRM-Interior-Construction\node_modules\router\index.js:600:14)
    at paramCallback (D:\Digicloudify softwares\CRM-Interior-Construction\node_modules\router\index.js:646:21)
    at D:\Digicloudify softwares\CRM-Interior-Construction\server\src\routes\financialApprovals.js:29:3\n\n2026-09-10T05:56:24.168Z\nerror: column u.first_name does not exist
    at D:\Digicloudify softwares\CRM-Interior-Construction\node_modules\pg-pool\index.js:45:11
    at process.processTicksAndRejections (node:internal/process/task_queues:103:5)
    at async D:\Digicloudify softwares\CRM-Interior-Construction\server\src\routes\financialApprovals.js:1015:22\n\n2026-09-10T06:03:26.271Z\nerror: column u.first_name does not exist
    at D:\Digicloudify softwares\CRM-Interior-Construction\node_modules\pg-pool\index.js:45:11
    at process.processTicksAndRejections (node:internal/process/task_queues:103:5)
    at async D:\Digicloudify softwares\CRM-Interior-Construction\server\src\routes\financialApprovals.js:735:22\n\n2026-09-10T06:03:34.029Z\nerror: column u.first_name does not exist
    at D:\Digicloudify softwares\CRM-Interior-Construction\node_modules\pg-pool\index.js:45:11
    at process.processTicksAndRejections (node:internal/process/task_queues:103:5)
    at async D:\Digicloudify softwares\CRM-Interior-Construction\server\src\routes\financialApprovals.js:735:22\n\n2026-09-10T06:04:54.679Z\nTypeError: Cannot destructure property 'type' of 'req.body' as it is undefined.
    at D:\Digicloudify softwares\CRM-Interior-Construction\server\src\routes\financialApprovals.js:923:13
    at Layer.handleRequest (D:\Digicloudify softwares\CRM-Interior-Construction\node_modules\router\lib\layer.js:152:17)
    at next (D:\Digicloudify softwares\CRM-Interior-Construction\node_modules\router\lib\route.js:157:13)
    at Route.dispatch (D:\Digicloudify softwares\CRM-Interior-Construction\node_modules\router\lib\route.js:117:3)
    at handle (D:\Digicloudify softwares\CRM-Interior-Construction\node_modules\router\index.js:435:11)
    at Layer.handleRequest (D:\Digicloudify softwares\CRM-Interior-Construction\node_modules\router\lib\layer.js:152:17)
    at D:\Digicloudify softwares\CRM-Interior-Construction\node_modules\router\index.js:295:15
    at param (D:\Digicloudify softwares\CRM-Interior-Construction\node_modules\router\index.js:600:14)
    at paramCallback (D:\Digicloudify softwares\CRM-Interior-Construction\node_modules\router\index.js:646:21)
    at D:\Digicloudify softwares\CRM-Interior-Construction\server\src\routes\financialApprovals.js:29:3\n\n2026-09-10T06:07:11.938Z\nTypeError: Cannot destructure property 'type' of 'req.body' as it is undefined.
    at D:\Digicloudify softwares\CRM-Interior-Construction\server\src\routes\financialApprovals.js:923:13
    at Layer.handleRequest (D:\Digicloudify softwares\CRM-Interior-Construction\node_modules\router\lib\layer.js:152:17)
    at next (D:\Digicloudify softwares\CRM-Interior-Construction\node_modules\router\lib\route.js:157:13)
    at Route.dispatch (D:\Digicloudify softwares\CRM-Interior-Construction\node_modules\router\lib\route.js:117:3)
    at handle (D:\Digicloudify softwares\CRM-Interior-Construction\node_modules\router\index.js:435:11)
    at Layer.handleRequest (D:\Digicloudify softwares\CRM-Interior-Construction\node_modules\router\lib\layer.js:152:17)
    at D:\Digicloudify softwares\CRM-Interior-Construction\node_modules\router\index.js:295:15
    at param (D:\Digicloudify softwares\CRM-Interior-Construction\node_modules\router\index.js:600:14)
    at paramCallback (D:\Digicloudify softwares\CRM-Interior-Construction\node_modules\router\index.js:646:21)
    at D:\Digicloudify softwares\CRM-Interior-Construction\server\src\routes\financialApprovals.js:29:3\n\n2026-09-10T06:08:29.728Z\nTypeError: Cannot destructure property 'type' of 'req.body' as it is undefined.
    at D:\Digicloudify softwares\CRM-Interior-Construction\server\src\routes\financialApprovals.js:923:13
    at Layer.handleRequest (D:\Digicloudify softwares\CRM-Interior-Construction\node_modules\router\lib\layer.js:152:17)
    at next (D:\Digicloudify softwares\CRM-Interior-Construction\node_modules\router\lib\route.js:157:13)
    at Route.dispatch (D:\Digicloudify softwares\CRM-Interior-Construction\node_modules\router\lib\route.js:117:3)
    at handle (D:\Digicloudify softwares\CRM-Interior-Construction\node_modules\router\index.js:435:11)
    at Layer.handleRequest (D:\Digicloudify softwares\CRM-Interior-Construction\node_modules\router\lib\layer.js:152:17)
    at D:\Digicloudify softwares\CRM-Interior-Construction\node_modules\router\index.js:295:15
    at param (D:\Digicloudify softwares\CRM-Interior-Construction\node_modules\router\index.js:600:14)
    at paramCallback (D:\Digicloudify softwares\CRM-Interior-Construction\node_modules\router\index.js:646:21)
    at D:\Digicloudify softwares\CRM-Interior-Construction\server\src\routes\financialApprovals.js:29:3\n\n2026-09-10T10:46:59.228Z\nerror: column "target_number" does not exist
    at D:\Digicloudify softwares\CRM-Interior-Construction\node_modules\pg-pool\index.js:45:11
    at process.processTicksAndRejections (node:internal/process/task_queues:103:5)
    at async D:\Digicloudify softwares\CRM-Interior-Construction\server\src\routes\financialApprovals.js:103:29\n\n2026-09-10T11:15:54.172Z\nMulterError: Unexpected field
    at wrappedFileFilter (D:\Digicloudify softwares\CRM-Interior-Construction\node_modules\multer\index.js:40:19)
    at Multipart.<anonymous> (D:\Digicloudify softwares\CRM-Interior-Construction\node_modules\multer\lib\make-middleware.js:109:7)
    at Multipart.emit (node:events:508:28)
    at HeaderParser.cb (D:\Digicloudify softwares\CRM-Interior-Construction\node_modules\busboy\lib\types\multipart.js:358:14)
    at HeaderParser.push (D:\Digicloudify softwares\CRM-Interior-Construction\node_modules\busboy\lib\types\multipart.js:162:20)
    at SBMH.ssCb [as _cb] (D:\Digicloudify softwares\CRM-Interior-Construction\node_modules\busboy\lib\types\multipart.js:394:37)
    at feed (D:\Digicloudify softwares\CRM-Interior-Construction\node_modules\streamsearch\lib\sbmh.js:248:10)
    at SBMH.push (D:\Digicloudify softwares\CRM-Interior-Construction\node_modules\streamsearch\lib\sbmh.js:104:16)
    at Multipart._write (D:\Digicloudify softwares\CRM-Interior-Construction\node_modules\busboy\lib\types\multipart.js:567:19)
    at writeOrBuffer (node:internal/streams/writable:570:12)\n\n2026-09-10T12:46:36.596Z\nerror: COALESCE types date and text cannot be matched
    at D:\Digicloudify softwares\CRM-Interior-Construction\node_modules\pg-pool\index.js:45:11
    at process.processTicksAndRejections (node:internal/process/task_queues:103:5)
    at async exports.getCollectionForecast (D:\Digicloudify softwares\CRM-Interior-Construction\server\src\controllers\analyticsController.js:661:22)\n\n2026-09-10T12:46:51.275Z\nerror: COALESCE types date and text cannot be matched
    at D:\Digicloudify softwares\CRM-Interior-Construction\node_modules\pg-pool\index.js:45:11
    at process.processTicksAndRejections (node:internal/process/task_queues:103:5)
    at async exports.getCollectionForecast (D:\Digicloudify softwares\CRM-Interior-Construction\server\src\controllers\analyticsController.js:661:22)\n\n2026-09-10T12:46:58.240Z\nerror: COALESCE types date and text cannot be matched
    at D:\Digicloudify softwares\CRM-Interior-Construction\node_modules\pg-pool\index.js:45:11
    at process.processTicksAndRejections (node:internal/process/task_queues:103:5)
    at async exports.getCollectionForecast (D:\Digicloudify softwares\CRM-Interior-Construction\server\src\controllers\analyticsController.js:661:22)\n\n2026-09-10T12:47:19.272Z\nerror: COALESCE types date and text cannot be matched
    at D:\Digicloudify softwares\CRM-Interior-Construction\node_modules\pg-pool\index.js:45:11
    at process.processTicksAndRejections (node:internal/process/task_queues:103:5)
    at async exports.getCollectionForecast (D:\Digicloudify softwares\CRM-Interior-Construction\server\src\controllers\analyticsController.js:661:22)\n\n2026-09-12T07:16:25.540Z\nerror: column "proof_document" of relation "payment_milestones" does not exist
    at D:\Digicloudify softwares\CRM-Interior-Construction\node_modules\pg-pool\index.js:45:11
    at process.processTicksAndRejections (node:internal/process/task_queues:103:5)
    at async updatePaymentMilestone (D:\Digicloudify softwares\CRM-Interior-Construction\server\src\services\projects\paymentMilestoneService.js:173:18)
    at async D:\Digicloudify softwares\CRM-Interior-Construction\server\src\routes\paymentMilestones.js:105:23\n\n2026-09-12T07:24:05.315Z\nerror: invalid input syntax for type date: ""
    at D:\Digicloudify softwares\CRM-Interior-Construction\node_modules\pg-pool\index.js:45:11
    at process.processTicksAndRejections (node:internal/process/task_queues:103:5)
    at async updatePaymentMilestone (D:\Digicloudify softwares\CRM-Interior-Construction\server\src\services\projects\paymentMilestoneService.js:182:18)
    at async D:\Digicloudify softwares\CRM-Interior-Construction\server\src\routes\paymentMilestones.js:105:23\n\n2026-09-12T07:24:53.646Z\nerror: invalid input syntax for type date: ""
    at D:\Digicloudify softwares\CRM-Interior-Construction\node_modules\pg-pool\index.js:45:11
    at process.processTicksAndRejections (node:internal/process/task_queues:103:5)
    at async updatePaymentMilestone (D:\Digicloudify softwares\CRM-Interior-Construction\server\src\services\projects\paymentMilestoneService.js:182:18)
    at async D:\Digicloudify softwares\CRM-Interior-Construction\server\src\routes\paymentMilestones.js:105:23\n\n
2026-09-12T09:28:23.808Z
[WITHDRAW ERROR]: error: new row for relation "financial_approvals" violates check constraint "financial_approvals_status_check"
    at D:\Digicloudify softwares\CRM-Interior-Construction\node_modules\pg\lib\client.js:646:17
    at process.processTicksAndRejections (node:internal/process/task_queues:103:5)
    at async D:\Digicloudify softwares\CRM-Interior-Construction\server\src\routes\financialApprovals.js:818:5

2026-09-14T15:47:32.596Z\nError: getaddrinfo ENOTFOUND db.csjwmrgemorpnppvrtce.supabase.co
    at D:\Digicloudify softwares\CRM-Interior-Construction\node_modules\pg-pool\index.js:45:11
    at process.processTicksAndRejections (node:internal/process/task_queues:103:5)
    at async D:\Digicloudify softwares\CRM-Interior-Construction\server\src\routes\auth.js:96:26\n\n2026-09-14T15:47:32.615Z\nError: getaddrinfo ENOTFOUND db.csjwmrgemorpnppvrtce.supabase.co
    at D:\Digicloudify softwares\CRM-Interior-Construction\node_modules\pg-pool\index.js:45:11
    at process.processTicksAndRejections (node:internal/process/task_queues:103:5)
    at async D:\Digicloudify softwares\CRM-Interior-Construction\server\src\routes\auth.js:96:26\n\n2026-09-14T15:47:45.275Z\nError: getaddrinfo ENOTFOUND db.csjwmrgemorpnppvrtce.supabase.co
    at D:\Digicloudify softwares\CRM-Interior-Construction\node_modules\pg-pool\index.js:45:11
    at process.processTicksAndRejections (node:internal/process/task_queues:103:5)
    at async D:\Digicloudify softwares\CRM-Interior-Construction\server\src\routes\auth.js:96:26\n\n2026-09-14T15:47:45.336Z\nError: getaddrinfo ENOTFOUND db.csjwmrgemorpnppvrtce.supabase.co
    at D:\Digicloudify softwares\CRM-Interior-Construction\node_modules\pg-pool\index.js:45:11
    at process.processTicksAndRejections (node:internal/process/task_queues:103:5)
    at async D:\Digicloudify softwares\CRM-Interior-Construction\server\src\routes\auth.js:96:26\n\n2026-09-14T15:52:34.432Z\nError: getaddrinfo ENOTFOUND db.csjwmrgemorpnppvrtce.supabase.co
    at D:\Digicloudify softwares\CRM-Interior-Construction\node_modules\pg-pool\index.js:45:11
    at process.processTicksAndRejections (node:internal/process/task_queues:103:5)
    at async D:\Digicloudify softwares\CRM-Interior-Construction\server\src\routes\auth.js:96:26\n\n2026-09-14T15:52:34.487Z\nError: getaddrinfo ENOTFOUND db.csjwmrgemorpnppvrtce.supabase.co
    at D:\Digicloudify softwares\CRM-Interior-Construction\node_modules\pg-pool\index.js:45:11
    at process.processTicksAndRejections (node:internal/process/task_queues:103:5)
    at async D:\Digicloudify softwares\CRM-Interior-Construction\server\src\routes\auth.js:96:26\n\n2026-09-14T15:52:35.985Z\nError: getaddrinfo ENOTFOUND db.csjwmrgemorpnppvrtce.supabase.co
    at D:\Digicloudify softwares\CRM-Interior-Construction\node_modules\pg-pool\index.js:45:11
    at process.processTicksAndRejections (node:internal/process/task_queues:103:5)
    at async D:\Digicloudify softwares\CRM-Interior-Construction\server\src\routes\auth.js:96:26\n\n2026-09-14T15:52:36.023Z\nError: getaddrinfo ENOTFOUND db.csjwmrgemorpnppvrtce.supabase.co
    at D:\Digicloudify softwares\CRM-Interior-Construction\node_modules\pg-pool\index.js:45:11
    at process.processTicksAndRejections (node:internal/process/task_queues:103:5)
    at async D:\Digicloudify softwares\CRM-Interior-Construction\server\src\routes\auth.js:96:26\n\n2026-09-14T15:52:36.324Z\nError: getaddrinfo ENOTFOUND db.csjwmrgemorpnppvrtce.supabase.co
    at D:\Digicloudify softwares\CRM-Interior-Construction\node_modules\pg-pool\index.js:45:11
    at process.processTicksAndRejections (node:internal/process/task_queues:103:5)
    at async D:\Digicloudify softwares\CRM-Interior-Construction\server\src\routes\auth.js:96:26\n\n2026-09-14T15:52:36.358Z\nError: getaddrinfo ENOTFOUND db.csjwmrgemorpnppvrtce.supabase.co
    at D:\Digicloudify softwares\CRM-Interior-Construction\node_modules\pg-pool\index.js:45:11
    at process.processTicksAndRejections (node:internal/process/task_queues:103:5)
    at async D:\Digicloudify softwares\CRM-Interior-Construction\server\src\routes\auth.js:96:26\n\n2026-09-14T15:52:38.316Z\nError: getaddrinfo ENOTFOUND db.csjwmrgemorpnppvrtce.supabase.co
    at D:\Digicloudify softwares\CRM-Interior-Construction\node_modules\pg-pool\index.js:45:11
    at process.processTicksAndRejections (node:internal/process/task_queues:103:5)
    at async D:\Digicloudify softwares\CRM-Interior-Construction\server\src\routes\auth.js:96:26\n\n2026-09-14T15:52:38.350Z\nError: getaddrinfo ENOTFOUND db.csjwmrgemorpnppvrtce.supabase.co
    at D:\Digicloudify softwares\CRM-Interior-Construction\node_modules\pg-pool\index.js:45:11
    at process.processTicksAndRejections (node:internal/process/task_queues:103:5)
    at async D:\Digicloudify softwares\CRM-Interior-Construction\server\src\routes\auth.js:96:26\n\n2026-09-14T15:52:38.829Z\nError: getaddrinfo ENOTFOUND db.csjwmrgemorpnppvrtce.supabase.co
    at D:\Digicloudify softwares\CRM-Interior-Construction\node_modules\pg-pool\index.js:45:11
    at process.processTicksAndRejections (node:internal/process/task_queues:103:5)
    at async D:\Digicloudify softwares\CRM-Interior-Construction\server\src\routes\auth.js:96:26\n\n2026-09-14T15:52:38.871Z\nError: getaddrinfo ENOTFOUND db.csjwmrgemorpnppvrtce.supabase.co
    at D:\Digicloudify softwares\CRM-Interior-Construction\node_modules\pg-pool\index.js:45:11
    at process.processTicksAndRejections (node:internal/process/task_queues:103:5)
    at async D:\Digicloudify softwares\CRM-Interior-Construction\server\src\routes\auth.js:96:26\n\n2026-09-14T15:52:39.275Z\nError: getaddrinfo ENOTFOUND db.csjwmrgemorpnppvrtce.supabase.co
    at D:\Digicloudify softwares\CRM-Interior-Construction\node_modules\pg-pool\index.js:45:11
    at process.processTicksAndRejections (node:internal/process/task_queues:103:5)
    at async D:\Digicloudify softwares\CRM-Interior-Construction\server\src\routes\auth.js:96:26\n\n2026-09-14T15:52:39.311Z\nError: getaddrinfo ENOTFOUND db.csjwmrgemorpnppvrtce.supabase.co
    at D:\Digicloudify softwares\CRM-Interior-Construction\node_modules\pg-pool\index.js:45:11
    at process.processTicksAndRejections (node:internal/process/task_queues:103:5)
    at async D:\Digicloudify softwares\CRM-Interior-Construction\server\src\routes\auth.js:96:26\n\n2026-09-14T16:35:29.478Z\nError: getaddrinfo ENOTFOUND db.csjwmrgemorpnppvrtce.supabase.co
    at D:\Digicloudify softwares\CRM-Interior-Construction\node_modules\pg-pool\index.js:45:11
    at process.processTicksAndRejections (node:internal/process/task_queues:103:5)
    at async D:\Digicloudify softwares\CRM-Interior-Construction\server\src\routes\auth.js:96:26\n\n2026-09-14T16:48:55.642Z\nError: Connection terminated due to connection timeout
    at D:\Digicloudify softwares\CRM-Interior-Construction\node_modules\pg-pool\index.js:45:11
    at process.processTicksAndRejections (node:internal/process/task_queues:103:5)
    at async findLeads (D:\Digicloudify softwares\CRM-Interior-Construction\server\src\repositories\leadRepository.js:287:23)
    at async getLeadsHandler (D:\Digicloudify softwares\CRM-Interior-Construction\server\src\controllers\leadController.js:2738:20)\n\n2026-09-14T16:49:05.663Z\nError: Connection terminated due to connection timeout
    at D:\Digicloudify softwares\CRM-Interior-Construction\node_modules\pg-pool\index.js:45:11
    at process.processTicksAndRejections (node:internal/process/task_queues:103:5)
    at async findLeads (D:\Digicloudify softwares\CRM-Interior-Construction\server\src\repositories\leadRepository.js:287:23)
    at async getLeadsHandler (D:\Digicloudify softwares\CRM-Interior-Construction\server\src\controllers\leadController.js:2738:20)\n\n2026-09-14T16:49:05.669Z\nError: Connection terminated due to connection timeout
    at D:\Digicloudify softwares\CRM-Interior-Construction\node_modules\pg-pool\index.js:45:11
    at process.processTicksAndRejections (node:internal/process/task_queues:103:5)
    at async D:\Digicloudify softwares\CRM-Interior-Construction\server\src\routes\config\leadStages.js:22:20\n\n2026-09-14T16:49:05.677Z\nError: Connection terminated due to connection timeout
    at D:\Digicloudify softwares\CRM-Interior-Construction\node_modules\pg-pool\index.js:45:11
    at process.processTicksAndRejections (node:internal/process/task_queues:103:5)
    at async getLeadStats (D:\Digicloudify softwares\CRM-Interior-Construction\server\src\repositories\leadRepository.js:767:18)
    at async exports.getLeadStatsHandler (D:\Digicloudify softwares\CRM-Interior-Construction\server\src\controllers\leadController.js:1415:19)\n\n2026-09-14T16:49:08.292Z\nError: Connection terminated due to connection timeout
    at D:\Digicloudify softwares\CRM-Interior-Construction\node_modules\pg-pool\index.js:45:11
    at process.processTicksAndRejections (node:internal/process/task_queues:103:5)
    at async D:\Digicloudify softwares\CRM-Interior-Construction\server\src\routes\auth.js:266:20\n\n2026-09-14T16:53:11.459Z\nError: getaddrinfo ENOTFOUND db.csjwmrgemorpnppvrtce.supabase.co
    at D:\Digicloudify softwares\CRM-Interior-Construction\node_modules\pg-pool\index.js:45:11
    at process.processTicksAndRejections (node:internal/process/task_queues:103:5)
    at async D:\Digicloudify softwares\CRM-Interior-Construction\server\src\routes\auth.js:266:20\n\n2026-09-14T16:54:03.299Z\nError: Connection terminated due to connection timeout
    at D:\Digicloudify softwares\CRM-Interior-Construction\node_modules\pg-pool\index.js:45:11
    at process.processTicksAndRejections (node:internal/process/task_queues:103:5)
    at async D:\Digicloudify softwares\CRM-Interior-Construction\server\src\routes\auth.js:266:20\n\n2026-09-14T16:54:18.295Z\nError: Connection terminated due to connection timeout
    at D:\Digicloudify softwares\CRM-Interior-Construction\node_modules\pg-pool\index.js:45:11
    at process.processTicksAndRejections (node:internal/process/task_queues:103:5)
    at async D:\Digicloudify softwares\CRM-Interior-Construction\server\src\routes\auth.js:266:20\n\n2026-09-14T16:54:46.495Z\nError: Connection terminated due to connection timeout
    at D:\Digicloudify softwares\CRM-Interior-Construction\node_modules\pg-pool\index.js:45:11
    at process.processTicksAndRejections (node:internal/process/task_queues:103:5)
    at async D:\Digicloudify softwares\CRM-Interior-Construction\server\src\routes\auth.js:96:26\n\n2026-09-14T16:54:56.509Z\nError: Connection terminated due to connection timeout
    at D:\Digicloudify softwares\CRM-Interior-Construction\node_modules\pg-pool\index.js:45:11
    at process.processTicksAndRejections (node:internal/process/task_queues:103:5)
    at async D:\Digicloudify softwares\CRM-Interior-Construction\server\src\routes\auth.js:96:26\n\n2026-09-14T16:57:03.082Z\nError: Connection terminated due to connection timeout
    at D:\Digicloudify softwares\CRM-Interior-Construction\node_modules\pg-pool\index.js:45:11
    at process.processTicksAndRejections (node:internal/process/task_queues:103:5)
    at async D:\Digicloudify softwares\CRM-Interior-Construction\server\src\routes\portal\auth.js:17:24\n\n2026-09-14T16:57:22.092Z\nError: Connection terminated due to connection timeout
    at D:\Digicloudify softwares\CRM-Interior-Construction\node_modules\pg-pool\index.js:45:11
    at process.processTicksAndRejections (node:internal/process/task_queues:103:5)
    at async D:\Digicloudify softwares\CRM-Interior-Construction\server\src\routes\portal\auth.js:17:24\n\n2026-09-14T16:57:52.273Z\nError: Connection terminated due to connection timeout
    at D:\Digicloudify softwares\CRM-Interior-Construction\node_modules\pg-pool\index.js:45:11
    at process.processTicksAndRejections (node:internal/process/task_queues:103:5)
    at async D:\Digicloudify softwares\CRM-Interior-Construction\server\src\routes\portal\auth.js:17:24\n\n2026-09-14T17:06:22.787Z\nError: Connection terminated due to connection timeout
    at D:\Digicloudify softwares\CRM-Interior-Construction\node_modules\pg-pool\index.js:45:11
    at process.processTicksAndRejections (node:internal/process/task_queues:103:5)
    at async D:\Digicloudify softwares\CRM-Interior-Construction\server\src\routes\auth.js:266:20\n\n2026-09-15T13:40:32.359Z\nError: Connection terminated due to connection timeout
    at D:\Digicloudify softwares\CRM-Interior-Construction\node_modules\pg-pool\index.js:45:11
    at process.processTicksAndRejections (node:internal/process/task_queues:103:5)
    at async D:\Digicloudify softwares\CRM-Interior-Construction\server\src\routes\auth.js:96:26\n\n2026-09-15T13:40:42.385Z\nError: Connection terminated due to connection timeout
    at D:\Digicloudify softwares\CRM-Interior-Construction\node_modules\pg-pool\index.js:45:11
    at process.processTicksAndRejections (node:internal/process/task_queues:103:5)
    at async D:\Digicloudify softwares\CRM-Interior-Construction\server\src\routes\auth.js:96:26\n\n2026-09-15T13:41:00.533Z\nError: Connection terminated due to connection timeout
    at D:\Digicloudify softwares\CRM-Interior-Construction\node_modules\pg-pool\index.js:45:11
    at process.processTicksAndRejections (node:internal/process/task_queues:103:5)
    at async D:\Digicloudify softwares\CRM-Interior-Construction\server\src\routes\auth.js:96:26\n\n2026-09-15T13:41:06.506Z\nError: getaddrinfo ENOTFOUND db.csjwmrgemorpnppvrtce.supabase.co
    at D:\Digicloudify softwares\CRM-Interior-Construction\node_modules\pg-pool\index.js:45:11
    at process.processTicksAndRejections (node:internal/process/task_queues:103:5)
    at async D:\Digicloudify softwares\CRM-Interior-Construction\server\src\routes\auth.js:96:26\n\n2026-09-16T06:07:15.597Z\nTypeError: res.status is not a function
    at fail (D:\Digicloudify softwares\CRM-Interior-Construction\server\src\utils\response.js:23:14)
    at D:\Digicloudify softwares\CRM-Interior-Construction\server\src\routes\auth.js:530:35\n\n2026-09-17T10:05:24.969Z\nerror: null value in column "name" of relation "project_phases" violates not-null constraint
    at D:\Digicloudify softwares\CRM-Interior-Construction\node_modules\pg\lib\client.js:646:17
    at process.processTicksAndRejections (node:internal/process/task_queues:103:5)
    at async applyTemplate (D:\Digicloudify softwares\CRM-Interior-Construction\server\src\services\config\templateService.js:132:24)
    at async D:\Digicloudify softwares\CRM-Interior-Construction\server\src\routes\projects.js:1083:20\n\n2026-09-17T10:13:09.559Z\nerror: value too long for type character varying(1000)
    at D:\Digicloudify softwares\CRM-Interior-Construction\node_modules\pg\lib\client.js:646:17
    at process.processTicksAndRejections (node:internal/process/task_queues:103:5)
    at async createProject (D:\Digicloudify softwares\CRM-Interior-Construction\server\src\services\projects\createProject.js:262:7)
    at async D:\Digicloudify softwares\CRM-Interior-Construction\server\src\routes\projects.js:431:21\n\n2026-09-17T10:13:39.838Z\nerror: value too long for type character varying(1000)
    at D:\Digicloudify softwares\CRM-Interior-Construction\node_modules\pg\lib\client.js:646:17
    at process.processTicksAndRejections (node:internal/process/task_queues:103:5)
    at async createProject (D:\Digicloudify softwares\CRM-Interior-Construction\server\src\services\projects\createProject.js:262:7)
    at async D:\Digicloudify softwares\CRM-Interior-Construction\server\src\routes\projects.js:431:21\n\n2026-09-17T10:14:21.606Z\nerror: value too long for type character varying(1000)
    at D:\Digicloudify softwares\CRM-Interior-Construction\node_modules\pg\lib\client.js:646:17
    at process.processTicksAndRejections (node:internal/process/task_queues:103:5)
    at async createProject (D:\Digicloudify softwares\CRM-Interior-Construction\server\src\services\projects\createProject.js:262:7)
    at async D:\Digicloudify softwares\CRM-Interior-Construction\server\src\routes\projects.js:431:21\n\n2026-09-17T10:19:06.183Z\nerror: value too long for type character varying(1000)
    at D:\Digicloudify softwares\CRM-Interior-Construction\node_modules\pg\lib\client.js:646:17
    at process.processTicksAndRejections (node:internal/process/task_queues:103:5)
    at async createProject (D:\Digicloudify softwares\CRM-Interior-Construction\server\src\services\projects\createProject.js:263:7)
    at async D:\Digicloudify softwares\CRM-Interior-Construction\server\src\routes\projects.js:431:21\n\n2026-09-17T10:19:22.654Z\nerror: value too long for type character varying(1000)
    at D:\Digicloudify softwares\CRM-Interior-Construction\node_modules\pg\lib\client.js:646:17
    at process.processTicksAndRejections (node:internal/process/task_queues:103:5)
    at async createProject (D:\Digicloudify softwares\CRM-Interior-Construction\server\src\services\projects\createProject.js:263:7)
    at async D:\Digicloudify softwares\CRM-Interior-Construction\server\src\routes\projects.js:431:21\n\n2026-09-17T10:26:37.729Z\nerror: null value in column "name" of relation "project_phases" violates not-null constraint
    at D:\Digicloudify softwares\CRM-Interior-Construction\node_modules\pg\lib\client.js:646:17
    at process.processTicksAndRejections (node:internal/process/task_queues:103:5)
    at async applyTemplate (D:\Digicloudify softwares\CRM-Interior-Construction\server\src\services\config\templateService.js:141:24)
    at async D:\Digicloudify softwares\CRM-Interior-Construction\server\src\routes\projects.js:1088:20\n\n2026-09-17T11:47:18.783Z\nerror: column "phone" does not exist
    at D:\Digicloudify softwares\CRM-Interior-Construction\node_modules\pg-pool\index.js:45:11
    at process.processTicksAndRejections (node:internal/process/task_queues:103:5)
    at async Promise.all (index 4)
    at async globalSearchHandler (D:\Digicloudify softwares\CRM-Interior-Construction\server\src\controllers\searchController.js:188:5)\n\n2026-09-17T11:47:21.037Z\nerror: column "phone" does not exist
    at D:\Digicloudify softwares\CRM-Interior-Construction\node_modules\pg-pool\index.js:45:11
    at process.processTicksAndRejections (node:internal/process/task_queues:103:5)
    at async Promise.all (index 4)
    at async globalSearchHandler (D:\Digicloudify softwares\CRM-Interior-Construction\server\src\controllers\searchController.js:188:5)\n\n2026-09-17T11:47:24.015Z\nerror: column "phone" does not exist
    at D:\Digicloudify softwares\CRM-Interior-Construction\node_modules\pg-pool\index.js:45:11
    at process.processTicksAndRejections (node:internal/process/task_queues:103:5)
    at async Promise.all (index 4)
    at async globalSearchHandler (D:\Digicloudify softwares\CRM-Interior-Construction\server\src\controllers\searchController.js:188:5)\n\n2026-09-17T11:49:54.010Z\nerror: function lower(uuid) does not exist
    at D:\Digicloudify softwares\CRM-Interior-Construction\node_modules\pg-pool\index.js:45:11
    at process.processTicksAndRejections (node:internal/process/task_queues:103:5)
    at async Promise.all (index 4)
    at async globalSearchHandler (D:\Digicloudify softwares\CRM-Interior-Construction\server\src\controllers\searchController.js:189:5)\n\n2026-09-17T11:50:20.276Z\nerror: function lower(uuid) does not exist
    at D:\Digicloudify softwares\CRM-Interior-Construction\node_modules\pg-pool\index.js:45:11
    at process.processTicksAndRejections (node:internal/process/task_queues:103:5)
    at async Promise.all (index 4)
    at async globalSearchHandler (D:\Digicloudify softwares\CRM-Interior-Construction\server\src\controllers\searchController.js:189:5)\n\n2026-09-17T11:50:22.354Z\nerror: function lower(uuid) does not exist
    at D:\Digicloudify softwares\CRM-Interior-Construction\node_modules\pg-pool\index.js:45:11
    at process.processTicksAndRejections (node:internal/process/task_queues:103:5)
    at async Promise.all (index 4)
    at async globalSearchHandler (D:\Digicloudify softwares\CRM-Interior-Construction\server\src\controllers\searchController.js:189:5)\n\n2026-09-17T11:50:30.697Z\nerror: function lower(uuid) does not exist
    at D:\Digicloudify softwares\CRM-Interior-Construction\node_modules\pg-pool\index.js:45:11
    at process.processTicksAndRejections (node:internal/process/task_queues:103:5)
    at async Promise.all (index 4)
    at async globalSearchHandler (D:\Digicloudify softwares\CRM-Interior-Construction\server\src\controllers\searchController.js:189:5)\n\n2026-09-17T11:50:31.338Z\nerror: function lower(uuid) does not exist
    at D:\Digicloudify softwares\CRM-Interior-Construction\node_modules\pg-pool\index.js:45:11
    at process.processTicksAndRejections (node:internal/process/task_queues:103:5)
    at async Promise.all (index 4)
    at async globalSearchHandler (D:\Digicloudify softwares\CRM-Interior-Construction\server\src\controllers\searchController.js:189:5)\n\n2026-09-22T09:34:30.357Z\nError: getaddrinfo ENOTFOUND db.csjwmrgemorpnppvrtce.supabase.co
    at D:\Digicloudify softwares\CRM-Interior-Construction\node_modules\pg-pool\index.js:45:11
    at process.processTicksAndRejections (node:internal/process/task_queues:103:5)
    at async D:\Digicloudify softwares\CRM-Interior-Construction\server\src\routes\auth.js:266:20\n\n2026-09-22T09:34:30.430Z\nError: getaddrinfo ENOTFOUND db.csjwmrgemorpnppvrtce.supabase.co
    at D:\Digicloudify softwares\CRM-Interior-Construction\node_modules\pg-pool\index.js:45:11
    at process.processTicksAndRejections (node:internal/process/task_queues:103:5)
    at async D:\Digicloudify softwares\CRM-Interior-Construction\server\src\routes\auth.js:266:20\n\n2026-09-22T09:34:30.442Z\nError: getaddrinfo ENOTFOUND db.csjwmrgemorpnppvrtce.supabase.co
    at D:\Digicloudify softwares\CRM-Interior-Construction\node_modules\pg-pool\index.js:45:11
    at process.processTicksAndRejections (node:internal/process/task_queues:103:5)
    at async D:\Digicloudify softwares\CRM-Interior-Construction\server\src\routes\auth.js:266:20\n\n2026-09-22T09:34:32.006Z\nError: getaddrinfo ENOTFOUND db.csjwmrgemorpnppvrtce.supabase.co
    at D:\Digicloudify softwares\CRM-Interior-Construction\node_modules\pg-pool\index.js:45:11
    at process.processTicksAndRejections (node:internal/process/task_queues:103:5)
    at async D:\Digicloudify softwares\CRM-Interior-Construction\server\src\routes\auth.js:266:20\n\n2026-09-22T09:34:32.027Z\nError: getaddrinfo ENOTFOUND db.csjwmrgemorpnppvrtce.supabase.co
    at D:\Digicloudify softwares\CRM-Interior-Construction\node_modules\pg-pool\index.js:45:11
    at process.processTicksAndRejections (node:internal/process/task_queues:103:5)
    at async D:\Digicloudify softwares\CRM-Interior-Construction\server\src\routes\auth.js:266:20\n\n2026-09-22T09:36:21.412Z\nError: getaddrinfo ENOTFOUND db.csjwmrgemorpnppvrtce.supabase.co
    at D:\Digicloudify softwares\CRM-Interior-Construction\node_modules\pg-pool\index.js:45:11
    at process.processTicksAndRejections (node:internal/process/task_queues:103:5)
    at async D:\Digicloudify softwares\CRM-Interior-Construction\server\src\routes\auth.js:266:20\n\n2026-09-23T11:04:03.116Z\nerror: invalid input syntax for type uuid: "undefined"
    at D:\Digicloudify softwares\CRM-Interior-Construction\node_modules\pg-pool\index.js:45:11
    at processTicksAndRejections (node:internal/process/task_queues:103:5)
    at enforceLeadAccess (D:\Digicloudify softwares\CRM-Interior-Construction\server\src\middleware\enforceLeadAccess.js:25:33)\n\n2026-09-23T11:04:14.254Z\nError: Cannot use a pool after calling end on the pool
    at D:\Digicloudify softwares\CRM-Interior-Construction\node_modules\pg-pool\index.js:45:11
    at processTicksAndRejections (node:internal/process/task_queues:103:5)
    at enqueueAutomation (D:\Digicloudify softwares\CRM-Interior-Construction\server\src\queues\automationQueue.js:16:18)
    at createProject (D:\Digicloudify softwares\CRM-Interior-Construction\server\src\services\projects\createProject.js:424:5)
    at D:\Digicloudify softwares\CRM-Interior-Construction\server\src\routes\projects.js:433:21\n\n2026-09-23T11:04:52.828Z\nerror: operator does not exist: uuid = text
    at D:\Digicloudify softwares\CRM-Interior-Construction\node_modules\pg-pool\index.js:45:11
    at processTicksAndRejections (node:internal/process/task_queues:103:5)
    at exports.getEvents (D:\Digicloudify softwares\CRM-Interior-Construction\server\src\controllers\eventsController.js:148:22)\n\n2026-09-23T11:04:55.096Z\nerror: operator does not exist: uuid = text
    at D:\Digicloudify softwares\CRM-Interior-Construction\node_modules\pg-pool\index.js:45:11
    at processTicksAndRejections (node:internal/process/task_queues:103:5)
    at exports.getEvents (D:\Digicloudify softwares\CRM-Interior-Construction\server\src\controllers\eventsController.js:134:24)\n\n2026-09-23T11:20:22.515Z\nError: Validation failed
    at D:\Digicloudify softwares\CRM-Interior-Construction\server\src\routes\auth.js:83:21
    at Layer.handleRequest (D:\Digicloudify softwares\CRM-Interior-Construction\node_modules\router\lib\layer.js:152:17)
    at next (D:\Digicloudify softwares\CRM-Interior-Construction\node_modules\router\lib\route.js:157:13)
    at Route.dispatch (D:\Digicloudify softwares\CRM-Interior-Construction\node_modules\router\lib\route.js:117:3)
    at handle (D:\Digicloudify softwares\CRM-Interior-Construction\node_modules\router\index.js:435:11)
    at Layer.handleRequest (D:\Digicloudify softwares\CRM-Interior-Construction\node_modules\router\lib\layer.js:152:17)
    at D:\Digicloudify softwares\CRM-Interior-Construction\node_modules\router\index.js:295:15
    at processParams (D:\Digicloudify softwares\CRM-Interior-Construction\node_modules\router\index.js:582:12)
    at next (D:\Digicloudify softwares\CRM-Interior-Construction\node_modules\router\index.js:291:5)
    at router.handle (D:\Digicloudify softwares\CRM-Interior-Construction\node_modules\router\index.js:186:3)
    at router (D:\Digicloudify softwares\CRM-Interior-Construction\node_modules\router\index.js:60:12)
    at Layer.handleRequest (D:\Digicloudify softwares\CRM-Interior-Construction\node_modules\router\lib\layer.js:152:17)
    at trimPrefix (D:\Digicloudify softwares\CRM-Interior-Construction\node_modules\router\index.js:342:13)
    at D:\Digicloudify softwares\CRM-Interior-Construction\node_modules\router\index.js:297:9
    at processParams (D:\Digicloudify softwares\CRM-Interior-Construction\node_modules\router\index.js:582:12)
    at next (D:\Digicloudify softwares\CRM-Interior-Construction\node_modules\router\index.js:291:5)
    at next (D:\Digicloudify softwares\CRM-Interior-Construction\server\src\middleware\auditLogger.js:128:3)
    at Layer.handleRequest (D:\Digicloudify softwares\CRM-Interior-Construction\node_modules\router\lib\layer.js:152:17)
    at trimPrefix (D:\Digicloudify softwares\CRM-Interior-Construction\node_modules\router\index.js:342:13)
    at D:\Digicloudify softwares\CRM-Interior-Construction\node_modules\router\index.js:297:9
    at processParams (D:\Digicloudify softwares\CRM-Interior-Construction\node_modules\router\index.js:582:12)
    at next (D:\Digicloudify softwares\CRM-Interior-Construction\node_modules\router\index.js:291:5)
    at next (D:\Digicloudify softwares\CRM-Interior-Construction\server\src\app.js:221:3)
    at Layer.handleRequest (D:\Digicloudify softwares\CRM-Interior-Construction\node_modules\router\lib\layer.js:152:17)
    at trimPrefix (D:\Digicloudify softwares\CRM-Interior-Construction\node_modules\router\index.js:342:13)
    at D:\Digicloudify softwares\CRM-Interior-Construction\node_modules\router\index.js:297:9
    at processParams (D:\Digicloudify softwares\CRM-Interior-Construction\node_modules\router\index.js:582:12)
    at next (D:\Digicloudify softwares\CRM-Interior-Construction\node_modules\router\index.js:291:5)
    at next (D:\Digicloudify softwares\CRM-Interior-Construction\server\src\middleware\responseFormatter.js:80:3)
    at Layer.handleRequest (D:\Digicloudify softwares\CRM-Interior-Construction\node_modules\router\lib\layer.js:152:17)
    at trimPrefix (D:\Digicloudify softwares\CRM-Interior-Construction\node_modules\router\index.js:342:13)
    at D:\Digicloudify softwares\CRM-Interior-Construction\node_modules\router\index.js:297:9
    at processParams (D:\Digicloudify softwares\CRM-Interior-Construction\node_modules\router\index.js:582:12)
    at next (D:\Digicloudify softwares\CRM-Interior-Construction\node_modules\router\index.js:291:5)
    at next (D:\Digicloudify softwares\CRM-Interior-Construction\server\src\app.js:144:5)
    at AsyncLocalStorage.run (node:internal/async_local_storage/async_context_frame:63:14)
    at run (D:\Digicloudify softwares\CRM-Interior-Construction\server\src\app.js:143:21)
    at Layer.handleRequest (D:\Digicloudify softwares\CRM-Interior-Construction\node_modules\router\lib\layer.js:152:17)
    at trimPrefix (D:\Digicloudify softwares\CRM-Interior-Construction\node_modules\router\index.js:342:13)
    at D:\Digicloudify softwares\CRM-Interior-Construction\node_modules\router\index.js:297:9
    at processParams (D:\Digicloudify softwares\CRM-Interior-Construction\node_modules\router\index.js:582:12)
    at next (D:\Digicloudify softwares\CRM-Interior-Construction\node_modules\router\index.js:291:5)
    at cookieParser (D:\Digicloudify softwares\CRM-Interior-Construction\node_modules\cookie-parser\index.js:57:14)
    at Layer.handleRequest (D:\Digicloudify softwares\CRM-Interior-Construction\node_modules\router\lib\layer.js:152:17)
    at trimPrefix (D:\Digicloudify softwares\CRM-Interior-Construction\node_modules\router\index.js:342:13)
    at D:\Digicloudify softwares\CRM-Interior-Construction\node_modules\router\index.js:297:9
    at processParams (D:\Digicloudify softwares\CRM-Interior-Construction\node_modules\router\index.js:582:12)
    at next (D:\Digicloudify softwares\CRM-Interior-Construction\node_modules\router\index.js:291:5)
    at read (D:\Digicloudify softwares\CRM-Interior-Construction\node_modules\body-parser\lib\read.js:42:5)
    at urlencodedParser (D:\Digicloudify softwares\CRM-Interior-Construction\node_modules\body-parser\lib\types\urlencoded.js:57:5)
    at Layer.handleRequest (D:\Digicloudify softwares\CRM-Interior-Construction\node_modules\router\lib\layer.js:152:17)
    at trimPrefix (D:\Digicloudify softwares\CRM-Interior-Construction\node_modules\router\index.js:342:13)
    at D:\Digicloudify softwares\CRM-Interior-Construction\node_modules\router\index.js:297:9
    at processParams (D:\Digicloudify softwares\CRM-Interior-Construction\node_modules\router\index.js:582:12)
    at next (D:\Digicloudify softwares\CRM-Interior-Construction\node_modules\router\index.js:291:5)
    at D:\Digicloudify softwares\CRM-Interior-Construction\node_modules\body-parser\lib\read.js:171:5
    at AsyncResource.runInAsyncScope (node:async_hooks:214:14)
    at invokeCallback (D:\Digicloudify softwares\CRM-Interior-Construction\node_modules\raw-body\index.js:238:16)
    at done (D:\Digicloudify softwares\CRM-Interior-Construction\node_modules\raw-body\index.js:227:7)
    at IncomingMessage.onEnd (D:\Digicloudify softwares\CRM-Interior-Construction\node_modules\raw-body\index.js:287:7)
    at IncomingMessage.emit (node:events:508:28)
    at endReadableNT (node:internal/streams/readable:1701:12)
    at processTicksAndRejections (node:internal/process/task_queues:89:21)\n\n2026-09-23T12:43:01.249Z\nerror: invalid input syntax for type uuid: "Contacted"
    at D:\Digicloudify softwares\CRM-Interior-Construction\node_modules\pg-pool\index.js:45:11
    at process.processTicksAndRejections (node:internal/process/task_queues:103:5)
    at async findLeads (D:\Digicloudify softwares\CRM-Interior-Construction\server\src\repositories\leadRepository.js:287:23)
    at async getLeadsHandler (D:\Digicloudify softwares\CRM-Interior-Construction\server\src\controllers\leadController.js:2738:20)\n\n2026-09-23T12:43:01.294Z\nerror: invalid input syntax for type uuid: "Contacted"
    at D:\Digicloudify softwares\CRM-Interior-Construction\node_modules\pg-pool\index.js:45:11
    at process.processTicksAndRejections (node:internal/process/task_queues:103:5)
    at async getLeadStats (D:\Digicloudify softwares\CRM-Interior-Construction\server\src\repositories\leadRepository.js:767:18)
    at async exports.getLeadStatsHandler (D:\Digicloudify softwares\CRM-Interior-Construction\server\src\controllers\leadController.js:1415:19)\n\n2026-09-24T11:24:16.400Z\nError: Validation failed
    at D:\Digicloudify softwares\CRM-Interior-Construction\server\src\routes\auth.js:83:21
    at Layer.handleRequest (D:\Digicloudify softwares\CRM-Interior-Construction\node_modules\router\lib\layer.js:152:17)
    at next (D:\Digicloudify softwares\CRM-Interior-Construction\node_modules\router\lib\route.js:157:13)
    at Route.dispatch (D:\Digicloudify softwares\CRM-Interior-Construction\node_modules\router\lib\route.js:117:3)
    at handle (D:\Digicloudify softwares\CRM-Interior-Construction\node_modules\router\index.js:435:11)
    at Layer.handleRequest (D:\Digicloudify softwares\CRM-Interior-Construction\node_modules\router\lib\layer.js:152:17)
    at D:\Digicloudify softwares\CRM-Interior-Construction\node_modules\router\index.js:295:15
    at processParams (D:\Digicloudify softwares\CRM-Interior-Construction\node_modules\router\index.js:582:12)
    at next (D:\Digicloudify softwares\CRM-Interior-Construction\node_modules\router\index.js:291:5)
    at router.handle (D:\Digicloudify softwares\CRM-Interior-Construction\node_modules\router\index.js:186:3)\n\n2026-09-24T12:09:35.970Z\nerror: column t.logo_url does not exist
    at D:\Digicloudify softwares\CRM-Interior-Construction\node_modules\pg-pool\index.js:45:11
    at process.processTicksAndRejections (node:internal/process/task_queues:103:5)
    at async D:\Digicloudify softwares\CRM-Interior-Construction\server\src\routes\auth.js:478:23\n\n2026-09-24T12:09:56.311Z\nerror: column t.logo_url does not exist
    at D:\Digicloudify softwares\CRM-Interior-Construction\node_modules\pg-pool\index.js:45:11
    at process.processTicksAndRejections (node:internal/process/task_queues:103:5)
    at async D:\Digicloudify softwares\CRM-Interior-Construction\server\src\routes\auth.js:478:23\n\n2026-09-24T12:14:24.501Z\nTypeError: res.status is not a function
    at fail (D:\Digicloudify softwares\CRM-Interior-Construction\server\src\utils\response.js:23:14)
    at D:\Digicloudify softwares\CRM-Interior-Construction\server\src\routes\auth.js:565:35\n\n2026-09-24T12:14:34.265Z\nTypeError: res.status is not a function
    at fail (D:\Digicloudify softwares\CRM-Interior-Construction\server\src\utils\response.js:23:14)
    at D:\Digicloudify softwares\CRM-Interior-Construction\server\src\routes\auth.js:565:35\n\n2026-10-01T10:23:54.182Z\nError: getaddrinfo ENOTFOUND db.csjwmrgemorpnppvrtce.supabase.co
    at D:\Digicloudify softwares\CRM-Interior-Construction\node_modules\pg-pool\index.js:45:11
    at process.processTicksAndRejections (node:internal/process/task_queues:103:5)
    at async D:\Digicloudify softwares\CRM-Interior-Construction\server\src\routes\auth.js:97:26\n\n2026-10-01T10:24:04.908Z\nError: getaddrinfo ENOTFOUND db.csjwmrgemorpnppvrtce.supabase.co
    at D:\Digicloudify softwares\CRM-Interior-Construction\node_modules\pg-pool\index.js:45:11
    at process.processTicksAndRejections (node:internal/process/task_queues:103:5)
    at async D:\Digicloudify softwares\CRM-Interior-Construction\server\src\routes\auth.js:97:26\n\n2026-10-01T10:24:55.081Z\nError: getaddrinfo ENOTFOUND db.csjwmrgemorpnppvrtce.supabase.co
    at D:\Digicloudify softwares\CRM-Interior-Construction\node_modules\pg-pool\index.js:45:11
    at process.processTicksAndRejections (node:internal/process/task_queues:103:5)
    at async D:\Digicloudify softwares\CRM-Interior-Construction\server\src\routes\auth.js:97:26\n\n